Archive member included because of file (symbol)

crlibm/crlibm.a(ericc.o)      track.o (exp_rn_)
crlibm/crlibm.a(csh_fast.o)   crlibm/crlibm.a(ericc.o) (cosh_rn)
crlibm/crlibm.a(log10.o)      crlibm/crlibm.a(ericc.o) (log10_rn)
crlibm/crlibm.a(dtoaf.o)      sixve.o (dtoaf_)
crlibm/crlibm.a(round_near.o)
                              sixve.o (round_near_)
crlibm/crlibm.a(disable_xp.o)
                              sixve.o (disable_xp_)
crlibm/crlibm.a(enable_xp.o)  dabnews.o (enable_xp_)
crlibm/crlibm.a(addition_scs.o)
                              crlibm/crlibm.a(log10.o) (scs_set)
crlibm/crlibm.a(multiplication_scs.o)
                              crlibm/crlibm.a(log10.o) (scs_mul)
crlibm/crlibm.a(zero_scs.o)   crlibm/crlibm.a(addition_scs.o) (scs_zero)
crlibm/crlibm.a(division_scs.o)
                              crlibm/crlibm.a(csh_fast.o) (scs_inv)
crlibm/crlibm.a(double2scs.o)
                              crlibm/crlibm.a(log10.o) (scs_set_d)
crlibm/crlibm.a(scs2double.o)
                              crlibm/crlibm.a(csh_fast.o) (scs_get_d)
crlibm/crlibm.a(trigo_fast.o)
                              crlibm/crlibm.a(ericc.o) (sin_rn)
crlibm/crlibm.a(tan.o)        crlibm/crlibm.a(trigo_fast.o) (scs_tan_rn)
crlibm/crlibm.a(sine.o)       crlibm/crlibm.a(trigo_fast.o) (scs_sin_rn)
crlibm/crlibm.a(cosine.o)     crlibm/crlibm.a(sine.o) (cosine)
crlibm/crlibm.a(exp.o)        crlibm/crlibm.a(csh_fast.o) (exp_SC)
crlibm/crlibm.a(exp_fast.o)   crlibm/crlibm.a(ericc.o) (exp_rn)
crlibm/crlibm.a(log_fast.o)   crlibm/crlibm.a(ericc.o) (log_rn)
crlibm/crlibm.a(atan_fast.o)  crlibm/crlibm.a(ericc.o) (atan_rn)
crlibm/crlibm.a(rem_pio2.o)   crlibm/crlibm.a(trigo_fast.o) (rem_pio2_scs)
crlibm/crlibm.a(dtoa_c.o)     crlibm/crlibm.a(round_near.o) (strtod)
crlibm/crlibm.a(logsix.o)     crlibm/crlibm.a(log_fast.o) (scs_log)
crlibm/crlibm.a(atan.o)       crlibm/crlibm.a(atan_fast.o) (scs_atan_rn)
/usr/lib/gcc/i686-linux-gnu/4.7/libgfortran.a(compile_options.o)
                              sixve.o (_gfortran_set_options)
/usr/lib/gcc/i686-linux-gnu/4.7/libgfortran.a(environ.o)
                              /usr/lib/gcc/i686-linux-gnu/4.7/libgfortran.a(compile_options.o) (_gfortrani_options)
/usr/lib/gcc/i686-linux-gnu/4.7/libgfortran.a(error.o)
                              /usr/lib/gcc/i686-linux-gnu/4.7/libgfortran.a(environ.o) (_gfortrani_estr_write)
/usr/lib/gcc/i686-linux-gnu/4.7/libgfortran.a(main.o)
                              /usr/lib/gcc/i686-linux-gnu/4.7/libgfortran.a(error.o) (_gfortrani_stupid_function_name_for_static_linking)
/usr/lib/gcc/i686-linux-gnu/4.7/libgfortran.a(memory.o)
                              /usr/lib/gcc/i686-linux-gnu/4.7/libgfortran.a(environ.o) (_gfortrani_get_mem)
/usr/lib/gcc/i686-linux-gnu/4.7/libgfortran.a(stop.o)
                              sixve.o (_gfortran_stop_numeric_f08)
/usr/lib/gcc/i686-linux-gnu/4.7/libgfortran.a(string.o)
                              /usr/lib/gcc/i686-linux-gnu/4.7/libgfortran.a(error.o) (_gfortrani_cf_strcpy)
/usr/lib/gcc/i686-linux-gnu/4.7/libgfortran.a(pow_i4_i4.o)
                              sixve.o (_gfortran_pow_i4_i4)
/usr/lib/gcc/i686-linux-gnu/4.7/libgfortran.a(close.o)
                              sixve.o (_gfortran_st_close)
/usr/lib/gcc/i686-linux-gnu/4.7/libgfortran.a(file_pos.o)
                              track.o (_gfortran_st_backspace)
/usr/lib/gcc/i686-linux-gnu/4.7/libgfortran.a(lock.o)
                              /usr/lib/gcc/i686-linux-gnu/4.7/libgfortran.a(close.o) (_gfortrani_library_start)
/usr/lib/gcc/i686-linux-gnu/4.7/libgfortran.a(open.o)
                              /usr/lib/gcc/i686-linux-gnu/4.7/libgfortran.a(file_pos.o) (_gfortrani_new_unit)
/usr/lib/gcc/i686-linux-gnu/4.7/libgfortran.a(transfer.o)
                              sixve.o (_gfortran_transfer_integer)
/usr/lib/gcc/i686-linux-gnu/4.7/libgfortran.a(unit.o)
                              /usr/lib/gcc/i686-linux-gnu/4.7/libgfortran.a(close.o) (_gfortrani_find_unit)
/usr/lib/gcc/i686-linux-gnu/4.7/libgfortran.a(unix.o)
                              /usr/lib/gcc/i686-linux-gnu/4.7/libgfortran.a(transfer.o) (_gfortrani_flush_if_preconnected)
/usr/lib/gcc/i686-linux-gnu/4.7/libgfortran.a(write.o)
                              /usr/lib/gcc/i686-linux-gnu/4.7/libgfortran.a(transfer.o) (_gfortrani_write_a)
/usr/lib/gcc/i686-linux-gnu/4.7/libgfortran.a(fbuf.o)
                              /usr/lib/gcc/i686-linux-gnu/4.7/libgfortran.a(open.o) (_gfortrani_fbuf_init)
/usr/lib/gcc/i686-linux-gnu/4.7/libgfortran.a(cpu_time.o)
                              sixve.o (_gfortran_cpu_time_4)
/usr/lib/gcc/i686-linux-gnu/4.7/libgfortran.a(date_and_time.o)
                              sixve.o (_gfortran_date_and_time)
/usr/lib/gcc/i686-linux-gnu/4.7/libgfortran.a(string_intrinsics.o)
                              sixve.o (_gfortran_compare_string)
/usr/lib/gcc/i686-linux-gnu/4.7/libgfortran.a(random.o)
[...]
Memory Configuration

Name             Origin             Length             Attributes
*default*        0x0000000000000000 0xffffffffffffffff

Linker script and memory map

LOAD /usr/lib/gcc/i686-linux-gnu/4.7/../../../i386-linux-gnu/crt1.o
LOAD /usr/lib/gcc/i686-linux-gnu/4.7/../../../i386-linux-gnu/crti.o
LOAD /usr/lib/gcc/i686-linux-gnu/4.7/crtbeginT.o
LOAD track.o
LOAD sixve.o
LOAD sixvefox.o
LOAD dabnews.o
LOAD lielib.o
LOAD crlibm/crlibm.a
LOAD /usr/lib/gcc/i686-linux-gnu/4.7/libgfortran.a
LOAD /usr/lib/gcc/i686-linux-gnu/4.7/../../../i386-linux-gnu/libm.a
START GROUP
LOAD /usr/lib/gcc/i686-linux-gnu/4.7/libgcc.a
LOAD /usr/lib/gcc/i686-linux-gnu/4.7/libgcc_eh.a
LOAD /usr/lib/gcc/i686-linux-gnu/4.7/libquadmath.a
LOAD /usr/lib/gcc/i686-linux-gnu/4.7/../../../i386-linux-gnu/libm.a
LOAD /usr/lib/gcc/i686-linux-gnu/4.7/libgcc.a
LOAD /usr/lib/gcc/i686-linux-gnu/4.7/libgcc_eh.a
LOAD /usr/lib/gcc/i686-linux-gnu/4.7/../../../i386-linux-gnu/libc.a
END GROUP
LOAD /usr/lib/gcc/i686-linux-gnu/4.7/crtend.o
LOAD /usr/lib/gcc/i686-linux-gnu/4.7/../../../i386-linux-gnu/crtn.o
                0x0000000008048000                PROVIDE (__executable_start, 0x8048000)
                0x00000000080480f4                . = (0x8048000 + SIZEOF_HEADERS)

.interp
 *(.interp)

.note.ABI-tag   0x00000000080480f4       0x20
 .note.ABI-tag  0x00000000080480f4       0x20 /usr/lib/gcc/i686-linux-gnu/4.7/../../../i386-linux-gnu/crt1.o

.note.gnu.build-id
                0x0000000008048114       0x24
 *(.note.gnu.build-id)
 .note.gnu.build-id
                0x0000000008048114       0x24 /usr/lib/gcc/i686-linux-gnu/4.7/../../../i386-linux-gnu/crt1.o

.hash
 *(.hash)

.gnu.hash
 *(.gnu.hash)

.dynsym
 *(.dynsym)

.dynstr
 *(.dynstr)

.gnu.version
 *(.gnu.version)

.gnu.version_d
 *(.gnu.version_d)

.gnu.version_r
 *(.gnu.version_r)

.rel.dyn        0x0000000008048138        0x0
 *(.rel.init)
 *(.rel.text .rel.text.* .rel.gnu.linkonce.t.*)
 .rel.text      0x0000000000000000        0x0 /usr/lib/gcc/i686-linux-gnu/4.7/../../../i386-linux-gnu/crt1.o
 .rel.text.startup
                0x0000000000000000        0x0 /usr/lib/gcc/i686-linux-gnu/4.7/../../../i386-linux-gnu/crt1.o
 .rel.text.unlikely
                0x0000000000000000        0x0 /usr/lib/gcc/i686-linux-gnu/4.7/../../../i386-linux-gnu/crt1.o
 .rel.text._gfortrani_backtrace_handler
                0x0000000000000000        0x0 /usr/lib/gcc/i686-linux-gnu/4.7/../../../i386-linux-gnu/crt1.o
 .rel.text._gfortran_set_options
                0x0000000000000000        0x0 /usr/lib/gcc/i686-linux-gnu/4.7/../../../i386-linux-gnu/crt1.o
 .rel.text._gfortrani_init_compile_options
                0x0000000000000000        0x0 /usr/lib/gcc/i686-linux-gnu/4.7/../../../i386-linux-gnu/crt1.o
 .rel.text._gfortran_set_convert
                0x0000000000000000        0x0 /usr/lib/gcc/i686-linux-gnu/4.7/../../../i386-linux-gnu/crt1.o
 .rel.text._gfortran_set_record_marker
                0x0000000000000000        0x0 /usr/lib/gcc/i686-linux-gnu/4.7/../../../i386-linux-gnu/crt1.o
 .rel.text._gfortran_set_max_subrecord_length
                0x0000000000000000        0x0 /usr/lib/gcc/i686-linux-gnu/4.7/../../../i386-linux-gnu/crt1.o
 .rel.text.init_boolean
                0x0000000000000000        0x0 /usr/lib/gcc/i686-linux-gnu/4.7/../../../i386-linux-gnu/crt1.o
 .rel.text.init_sep
                0x0000000000000000        0x0 /usr/lib/gcc/i686-linux-gnu/4.7/../../../i386-linux-gnu/crt1.o
 .rel.text.match_word
                0x0000000000000000        0x0 /usr/lib/gcc/i686-linux-gnu/4.7/../../../i386-linux-gnu/crt1.o
 .rel.text.next_token
                0x0000000000000000        0x0 /usr/lib/gcc/i686-linux-gnu/4.7/../../../i386-linux-gnu/crt1.o
 .rel.text.init_unsigned_integer
                0x0000000000000000        0x0 /usr/lib/gcc/i686-linux-gnu/4.7/../../../i386-linux-gnu/crt1.o
 .rel.text.init_integer
                0x0000000000000000        0x0 /usr/lib/gcc/i686-linux-gnu/4.7/../../../i386-linux-gnu/crt1.o
 .rel.text.init_unformatted
                0x0000000000000000        0x0 /usr/lib/gcc/i686-linux-gnu/4.7/../../../i386-linux-gnu/crt1.o
 .rel.text.var_source.isra.1
                0x0000000000000000        0x0 /usr/lib/gcc/i686-linux-gnu/4.7/../../../i386-linux-gnu/crt1.o
 .rel.text.show_sep
                0x0000000000000000        0x0 /usr/lib/gcc/i686-linux-gnu/4.7/../../../i386-linux-gnu/crt1.o
 .rel.text.show_boolean
                0x0000000000000000        0x0 /usr/lib/gcc/i686-linux-gnu/4.7/../../../i386-linux-gnu/crt1.o
 .rel.text.show_integer
                0x0000000000000000        0x0 /usr/lib/gcc/i686-linux-gnu/4.7/../../../i386-linux-gnu/crt1.o
 .rel.text.show_string
                0x0000000000000000        0x0 /usr/lib/gcc/i686-linux-gnu/4.7/../../../i386-linux-gnu/crt1.o
 .rel.text._gfortrani_show_variables
                0x0000000000000000        0x0 /usr/lib/gcc/i686-linux-gnu/4.7/../../../i386-linux-gnu/crt1.o
 .rel.text._gfortrani_estr_write
                0x0000000000000000        0x0 /usr/lib/gcc/i686-linux-gnu/4.7/../../../i386-linux-gnu/crt1.o
 .rel.text._gfortrani_st_vprintf
                0x0000000000000000        0x0 /usr/lib/gcc/i686-linux-gnu/4.7/../../../i386-linux-gnu/crt1.o
 .rel.text._gfortrani_sys_abort
                0x0000000000000000        0x0 /usr/lib/gcc/i686-linux-gnu/4.7/../../../i386-linux-gnu/crt1.o
 .rel.text._gfortrani_gfc_xtoa
                0x0000000000000000        0x0 /usr/lib/gcc/i686-linux-gnu/4.7/../../../i386-linux-gnu/crt1.o
 .rel.text._gfortrani_gf_strerror
                0x0000000000000000        0x0 /usr/lib/gcc/i686-linux-gnu/4.7/../../../i386-linux-gnu/crt1.o
 .rel.text._gfortrani_show_locus
                0x0000000000000000        0x0 /usr/lib/gcc/i686-linux-gnu/4.7/../../../i386-linux-gnu/crt1.o
 .rel.text._gfortrani_os_error
                0x0000000000000000        0x0 /usr/lib/gcc/i686-linux-gnu/4.7/../../../i386-linux-gnu/crt1.o
 .rel.text._gfortrani_runtime_error
                0x0000000000000000        0x0 /usr/lib/gcc/i686-linux-gnu/4.7/../../../i386-linux-gnu/crt1.o
 .rel.text._gfortrani_runtime_error_at
                0x0000000000000000        0x0 /usr/lib/gcc/i686-linux-gnu/4.7/../../../i386-linux-gnu/crt1.o
 .rel.text._gfortrani_internal_error
                0x0000000000000000        0x0 /usr/lib/gcc/i686-linux-gnu/4.7/../../../i386-linux-gnu/crt1.o
 .rel.text._gfortrani_generate_error
                0x0000000000000000        0x0 /usr/lib/gcc/i686-linux-gnu/4.7/../../../i386-linux-gnu/crt1.o
 .rel.text._gfortrani_notification_std
                0x0000000000000000        0x0 /usr/lib/gcc/i686-linux-gnu/4.7/../../../i386-linux-gnu/crt1.o
 .rel.text._gfortrani_notify_std
                0x0000000000000000        0x0 /usr/lib/gcc/i686-linux-gnu/4.7/../../../i386-linux-gnu/crt1.o
 .rel.text._gfortran_store_exe_path
                0x0000000000000000        0x0 /usr/lib/gcc/i686-linux-gnu/4.7/../../../i386-linux-gnu/crt1.o
 .rel.text._gfortrani_find_addr2line
                0x0000000000000000        0x0 /usr/lib/gcc/i686-linux-gnu/4.7/../../../i386-linux-gnu/crt1.o
 .rel.text.startup.init
                0x0000000000000000        0x0 /usr/lib/gcc/i686-linux-gnu/4.7/../../../i386-linux-gnu/crt1.o
 .rel.text.exit.cleanup
                0x0000000000000000        0x0 /usr/lib/gcc/i686-linux-gnu/4.7/../../../i386-linux-gnu/crt1.o
 .rel.text._gfortrani_get_mem
                0x0000000000000000        0x0 /usr/lib/gcc/i686-linux-gnu/4.7/../../../i386-linux-gnu/crt1.o
 .rel.text._gfortran_stop_numeric
                0x0000000000000000        0x0 /usr/lib/gcc/i686-linux-gnu/4.7/../../../i386-linux-gnu/crt1.o
 .rel.text._gfortran_stop_numeric_f08
                0x0000000000000000        0x0 /usr/lib/gcc/i686-linux-gnu/4.7/../../../i386-linux-gnu/crt1.o
 .rel.text._gfortran_stop_string
                0x0000000000000000        0x0 /usr/lib/gcc/i686-linux-gnu/4.7/../../../i386-linux-gnu/crt1.o
 .rel.text._gfortran_error_stop_string
                0x0000000000000000        0x0 /usr/lib/gcc/i686-linux-gnu/4.7/../../../i386-linux-gnu/crt1.o
 .rel.text._gfortran_error_stop_numeric
                0x0000000000000000        0x0 /usr/lib/gcc/i686-linux-gnu/4.7/../../../i386-linux-gnu/crt1.o
 .rel.text._gfortrani_fstrcpy
                0x0000000000000000        0x0 /usr/lib/gcc/i686-linux-gnu/4.7/../../../i386-linux-gnu/crt1.o
 .rel.text._gfortrani_cf_strcpy
                0x0000000000000000        0x0 /usr/lib/gcc/i686-linux-gnu/4.7/../../../i386-linux-gnu/crt1.o
 .rel.text._gfortrani_find_option
                0x0000000000000000        0x0 /usr/lib/gcc/i686-linux-gnu/4.7/../../../i386-linux-gnu/crt1.o
 .rel.text._gfortran_st_close
                0x0000000000000000        0x0 /usr/lib/gcc/i686-linux-gnu/4.7/../../../i386-linux-gnu/crt1.o
 .rel.text._gfortran_st_backspace
                0x0000000000000000        0x0 /usr/lib/gcc/i686-linux-gnu/4.7/../../../i386-linux-gnu/crt1.o
 .rel.text._gfortran_st_endfile
                0x0000000000000000        0x0 /usr/lib/gcc/i686-linux-gnu/4.7/../../../i386-linux-gnu/crt1.o
 .rel.text._gfortran_st_rewind
                0x0000000000000000        0x0 /usr/lib/gcc/i686-linux-gnu/4.7/../../../i386-linux-gnu/crt1.o
 .rel.text._gfortran_st_flush
                0x0000000000000000        0x0 /usr/lib/gcc/i686-linux-gnu/4.7/../../../i386-linux-gnu/crt1.o
 .rel.text._gfortrani_free_ionml
                0x0000000000000000        0x0 /usr/lib/gcc/i686-linux-gnu/4.7/../../../i386-linux-gnu/crt1.o
 .rel.text.edit_modes
                0x0000000000000000        0x0 /usr/lib/gcc/i686-linux-gnu/4.7/../../../i386-linux-gnu/crt1.o
 .rel.text._gfortrani_new_unit
                0x0000000000000000        0x0 /usr/lib/gcc/i686-linux-gnu/4.7/../../../i386-linux-gnu/crt1.o
 .rel.text._gfortran_st_open
                0x0000000000000000        0x0 /usr/lib/gcc/i686-linux-gnu/4.7/../../../i386-linux-gnu/crt1.o
 .rel.text.us_write
                0x0000000000000000        0x0 /usr/lib/gcc/i686-linux-gnu/4.7/../../../i386-linux-gnu/crt1.o
 .rel.text.sset
                0x0000000000000000        0x0 /usr/lib/gcc/i686-linux-gnu/4.7/../../../i386-linux-gnu/crt1.o
 .rel.text.write_us_marker.isra.7
                0x0000000000000000        0x0 /usr/lib/gcc/i686-linux-gnu/4.7/../../../i386-linux-gnu/crt1.o
 .rel.text.next_record_w_unf
                0x0000000000000000        0x0 /usr/lib/gcc/i686-linux-gnu/4.7/../../../i386-linux-gnu/crt1.o
 .rel.text.unformatted_write
                0x0000000000000000        0x0 /usr/lib/gcc/i686-linux-gnu/4.7/../../../i386-linux-gnu/crt1.o
 .rel.text._gfortrani_write_block
                0x0000000000000000        0x0 /usr/lib/gcc/i686-linux-gnu/4.7/../../../i386-linux-gnu/crt1.o
 .rel.text.require_numeric_type
                0x0000000000000000        0x0 /usr/lib/gcc/i686-linux-gnu/4.7/../../../i386-linux-gnu/crt1.o
 .rel.text.require_type
                0x0000000000000000        0x0 /usr/lib/gcc/i686-linux-gnu/4.7/../../../i386-linux-gnu/crt1.o
 .rel.text._gfortran_transfer_real
                0x0000000000000000        0x0 /usr/lib/gcc/i686-linux-gnu/4.7/../../../i386-linux-gnu/crt1.o
 .rel.text._gfortran_transfer_complex
                0x0000000000000000        0x0 /usr/lib/gcc/i686-linux-gnu/4.7/../../../i386-linux-gnu/crt1.o
 .rel.text._gfortran_st_set_nml_var
                0x0000000000000000        0x0 /usr/lib/gcc/i686-linux-gnu/4.7/../../../i386-linux-gnu/crt1.o
 .rel.text.us_read
                0x0000000000000000        0x0 /usr/lib/gcc/i686-linux-gnu/4.7/../../../i386-linux-gnu/crt1.o
 .rel.text.read_block_direct
                0x0000000000000000        0x0 /usr/lib/gcc/i686-linux-gnu/4.7/../../../i386-linux-gnu/crt1.o
 .rel.text.unformatted_read
                0x0000000000000000        0x0 /usr/lib/gcc/i686-linux-gnu/4.7/../../../i386-linux-gnu/crt1.o
 .rel.text._gfortrani_next_record
                0x0000000000000000        0x0 /usr/lib/gcc/i686-linux-gnu/4.7/../../../i386-linux-gnu/crt1.o
 .rel.text.finalize_transfer
                0x0000000000000000        0x0 /usr/lib/gcc/i686-linux-gnu/4.7/../../../i386-linux-gnu/crt1.o
 .rel.text._gfortran_st_write_done
                0x0000000000000000        0x0 /usr/lib/gcc/i686-linux-gnu/4.7/../../../i386-linux-gnu/crt1.o
 .rel.text._gfortran_st_read_done
                0x0000000000000000        0x0 /usr/lib/gcc/i686-linux-gnu/4.7/../../../i386-linux-gnu/crt1.o
 .rel.text.formatted_transfer
                0x0000000000000000        0x0 /usr/lib/gcc/i686-linux-gnu/4.7/../../../i386-linux-gnu/crt1.o
 .rel.text.data_transfer_init
                0x0000000000000000        0x0 /usr/lib/gcc/i686-linux-gnu/4.7/../../../i386-linux-gnu/crt1.o
 .rel.text._gfortrani_read_block_form4
                0x0000000000000000        0x0 /usr/lib/gcc/i686-linux-gnu/4.7/../../../i386-linux-gnu/crt1.o
 .rel.text._gfortrani_read_block_form
                0x0000000000000000        0x0 /usr/lib/gcc/i686-linux-gnu/4.7/../../../i386-linux-gnu/crt1.o
 .rel.text.destroy_unit_mutex
                0x0000000000000000        0x0 /usr/lib/gcc/i686-linux-gnu/4.7/../../../i386-linux-gnu/crt1.o
 .rel.text.insert_unit
                0x0000000000000000        0x0 /usr/lib/gcc/i686-linux-gnu/4.7/../../../i386-linux-gnu/crt1.o
 .rel.text.get_external_unit
                0x0000000000000000        0x0 /usr/lib/gcc/i686-linux-gnu/4.7/../../../i386-linux-gnu/crt1.o
 .rel.text._gfortrani_get_internal_unit
                0x0000000000000000        0x0 /usr/lib/gcc/i686-linux-gnu/4.7/../../../i386-linux-gnu/crt1.o
 .rel.text._gfortrani_free_internal_unit
                0x0000000000000000        0x0 /usr/lib/gcc/i686-linux-gnu/4.7/../../../i386-linux-gnu/crt1.o
 .rel.text._gfortrani_init_units
                0x0000000000000000        0x0 /usr/lib/gcc/i686-linux-gnu/4.7/../../../i386-linux-gnu/crt1.o
 .rel.text._gfortrani_unlock_unit
                0x0000000000000000        0x0 /usr/lib/gcc/i686-linux-gnu/4.7/../../../i386-linux-gnu/crt1.o
 .rel.text._gfortrani_unit_truncate
                0x0000000000000000        0x0 /usr/lib/gcc/i686-linux-gnu/4.7/../../../i386-linux-gnu/crt1.o
 .rel.text._gfortrani_filename_from_unit
                0x0000000000000000        0x0 /usr/lib/gcc/i686-linux-gnu/4.7/../../../i386-linux-gnu/crt1.o
 .rel.text._gfortrani_finish_last_advance_record
                0x0000000000000000        0x0 /usr/lib/gcc/i686-linux-gnu/4.7/../../../i386-linux-gnu/crt1.o
 .rel.text.close_unit_1
                0x0000000000000000        0x0 /usr/lib/gcc/i686-linux-gnu/4.7/../../../i386-linux-gnu/crt1.o
 .rel.text._gfortrani_close_units
                0x0000000000000000        0x0 /usr/lib/gcc/i686-linux-gnu/4.7/../../../i386-linux-gnu/crt1.o
 .rel.text.mem_close
                0x0000000000000000        0x0 /usr/lib/gcc/i686-linux-gnu/4.7/../../../i386-linux-gnu/crt1.o
 .rel.text.raw_size
                0x0000000000000000        0x0 /usr/lib/gcc/i686-linux-gnu/4.7/../../../i386-linux-gnu/crt1.o
 .rel.text.fd_to_stream
                0x0000000000000000        0x0 /usr/lib/gcc/i686-linux-gnu/4.7/../../../i386-linux-gnu/crt1.o
 .rel.text.raw_tell
                0x0000000000000000        0x0 /usr/lib/gcc/i686-linux-gnu/4.7/../../../i386-linux-gnu/crt1.o
 .rel.text.raw_seek
                0x0000000000000000        0x0 /usr/lib/gcc/i686-linux-gnu/4.7/../../../i386-linux-gnu/crt1.o
 .rel.text.raw_write
                0x0000000000000000        0x0 /usr/lib/gcc/i686-linux-gnu/4.7/../../../i386-linux-gnu/crt1.o
 .rel.text.raw_close
                0x0000000000000000        0x0 /usr/lib/gcc/i686-linux-gnu/4.7/../../../i386-linux-gnu/crt1.o
 .rel.text.raw_truncate
                0x0000000000000000        0x0 /usr/lib/gcc/i686-linux-gnu/4.7/../../../i386-linux-gnu/crt1.o
 .rel.text.mem_write
                0x0000000000000000        0x0 /usr/lib/gcc/i686-linux-gnu/4.7/../../../i386-linux-gnu/crt1.o
 .rel.text.raw_read
                0x0000000000000000        0x0 /usr/lib/gcc/i686-linux-gnu/4.7/../../../i386-linux-gnu/crt1.o
 .rel.text.buf_read
                0x0000000000000000        0x0 /usr/lib/gcc/i686-linux-gnu/4.7/../../../i386-linux-gnu/crt1.o
 .rel.text.buf_seek
                0x0000000000000000        0x0 /usr/lib/gcc/i686-linux-gnu/4.7/../../../i386-linux-gnu/crt1.o
 .rel.text.mem_seek
                0x0000000000000000        0x0 /usr/lib/gcc/i686-linux-gnu/4.7/../../../i386-linux-gnu/crt1.o
 .rel.text.buf_flush
                0x0000000000000000        0x0 /usr/lib/gcc/i686-linux-gnu/4.7/../../../i386-linux-gnu/crt1.o
 .rel.text.buf_write
                0x0000000000000000        0x0 /usr/lib/gcc/i686-linux-gnu/4.7/../../../i386-linux-gnu/crt1.o
 .rel.text.buf_close
                0x0000000000000000        0x0 /usr/lib/gcc/i686-linux-gnu/4.7/../../../i386-linux-gnu/crt1.o
 .rel.text.flush_all_units_1
                0x0000000000000000        0x0 /usr/lib/gcc/i686-linux-gnu/4.7/../../../i386-linux-gnu/crt1.o
 .rel.text._gfortrani_flush_if_preconnected
                0x0000000000000000        0x0 /usr/lib/gcc/i686-linux-gnu/4.7/../../../i386-linux-gnu/crt1.o
 .rel.text.mem_read4
                0x0000000000000000        0x0 /usr/lib/gcc/i686-linux-gnu/4.7/../../../i386-linux-gnu/crt1.o
 .rel.text.mem_read
                0x0000000000000000        0x0 /usr/lib/gcc/i686-linux-gnu/4.7/../../../i386-linux-gnu/crt1.o
 .rel.text._gfortrani_unpack_filename
                0x0000000000000000        0x0 /usr/lib/gcc/i686-linux-gnu/4.7/../../../i386-linux-gnu/crt1.o
 .rel.text.inquire_access
                0x0000000000000000        0x0 /usr/lib/gcc/i686-linux-gnu/4.7/../../../i386-linux-gnu/crt1.o
 .rel.text._gfortrani_open_external
                0x0000000000000000        0x0 /usr/lib/gcc/i686-linux-gnu/4.7/../../../i386-linux-gnu/crt1.o
 .rel.text._gfortrani_compare_file_filename
                0x0000000000000000        0x0 /usr/lib/gcc/i686-linux-gnu/4.7/../../../i386-linux-gnu/crt1.o
 .rel.text._gfortrani_find_file
                0x0000000000000000        0x0 /usr/lib/gcc/i686-linux-gnu/4.7/../../../i386-linux-gnu/crt1.o
 .rel.text._gfortrani_flush_all_units
                0x0000000000000000        0x0 /usr/lib/gcc/i686-linux-gnu/4.7/../../../i386-linux-gnu/crt1.o
 .rel.text._gfortrani_delete_file
                0x0000000000000000        0x0 /usr/lib/gcc/i686-linux-gnu/4.7/../../../i386-linux-gnu/crt1.o
 .rel.text._gfortrani_file_exists
                0x0000000000000000        0x0 /usr/lib/gcc/i686-linux-gnu/4.7/../../../i386-linux-gnu/crt1.o
 .rel.text._gfortrani_file_size
                0x0000000000000000        0x0 /usr/lib/gcc/i686-linux-gnu/4.7/../../../i386-linux-gnu/crt1.o
 .rel.text._gfortrani_inquire_sequential
                0x0000000000000000        0x0 /usr/lib/gcc/i686-linux-gnu/4.7/../../../i386-linux-gnu/crt1.o
 .rel.text._gfortrani_inquire_direct
                0x0000000000000000        0x0 /usr/lib/gcc/i686-linux-gnu/4.7/../../../i386-linux-gnu/crt1.o
 .rel.text._gfortrani_inquire_formatted
                0x0000000000000000        0x0 /usr/lib/gcc/i686-linux-gnu/4.7/../../../i386-linux-gnu/crt1.o
 .rel.text._gfortrani_stream_isatty
                0x0000000000000000        0x0 /usr/lib/gcc/i686-linux-gnu/4.7/../../../i386-linux-gnu/crt1.o
 .rel.text._gfortrani_stream_ttyname
                0x0000000000000000        0x0 /usr/lib/gcc/i686-linux-gnu/4.7/../../../i386-linux-gnu/crt1.o
 .rel.text.write_utf8_char4
                0x0000000000000000        0x0 /usr/lib/gcc/i686-linux-gnu/4.7/../../../i386-linux-gnu/crt1.o
 .rel.text.write_default_char4
                0x0000000000000000        0x0 /usr/lib/gcc/i686-linux-gnu/4.7/../../../i386-linux-gnu/crt1.o
 .rel.text.write_character
                0x0000000000000000        0x0 /usr/lib/gcc/i686-linux-gnu/4.7/../../../i386-linux-gnu/crt1.o
 .rel.text.calculate_sign.isra.0
                0x0000000000000000        0x0 /usr/lib/gcc/i686-linux-gnu/4.7/../../../i386-linux-gnu/crt1.o
 .rel.text.write_infnan.isra.3
                0x0000000000000000        0x0 /usr/lib/gcc/i686-linux-gnu/4.7/../../../i386-linux-gnu/crt1.o
 .rel.text.write_boz.isra.5
                0x0000000000000000        0x0 /usr/lib/gcc/i686-linux-gnu/4.7/../../../i386-linux-gnu/crt1.o
 .rel.text.gfc_itoa
                0x0000000000000000        0x0 /usr/lib/gcc/i686-linux-gnu/4.7/../../../i386-linux-gnu/crt1.o
 .rel.text.write_integer
                0x0000000000000000        0x0 /usr/lib/gcc/i686-linux-gnu/4.7/../../../i386-linux-gnu/crt1.o
 .rel.text.namelist_write_newline
                0x0000000000000000        0x0 /usr/lib/gcc/i686-linux-gnu/4.7/../../../i386-linux-gnu/crt1.o
 .rel.text.output_float.isra.8.constprop.21
                0x0000000000000000        0x0 /usr/lib/gcc/i686-linux-gnu/4.7/../../../i386-linux-gnu/crt1.o
 .rel.text.write_float
                0x0000000000000000        0x0 /usr/lib/gcc/i686-linux-gnu/4.7/../../../i386-linux-gnu/crt1.o
 .rel.text._gfortrani_write_a
                0x0000000000000000        0x0 /usr/lib/gcc/i686-linux-gnu/4.7/../../../i386-linux-gnu/crt1.o
 .rel.text._gfortrani_write_l
                0x0000000000000000        0x0 /usr/lib/gcc/i686-linux-gnu/4.7/../../../i386-linux-gnu/crt1.o
 .rel.text._gfortrani_write_i
                0x0000000000000000        0x0 /usr/lib/gcc/i686-linux-gnu/4.7/../../../i386-linux-gnu/crt1.o
 .rel.text._gfortrani_write_b
                0x0000000000000000        0x0 /usr/lib/gcc/i686-linux-gnu/4.7/../../../i386-linux-gnu/crt1.o
 .rel.text._gfortrani_write_o
                0x0000000000000000        0x0 /usr/lib/gcc/i686-linux-gnu/4.7/../../../i386-linux-gnu/crt1.o
 .rel.text._gfortrani_write_z
                0x0000000000000000        0x0 /usr/lib/gcc/i686-linux-gnu/4.7/../../../i386-linux-gnu/crt1.o
 .rel.text._gfortrani_write_x
                0x0000000000000000        0x0 /usr/lib/gcc/i686-linux-gnu/4.7/../../../i386-linux-gnu/crt1.o
 .rel.text.nml_write_obj
                0x0000000000000000        0x0 /usr/lib/gcc/i686-linux-gnu/4.7/../../../i386-linux-gnu/crt1.o
 .rel.text._gfortrani_list_formatted_write
                0x0000000000000000        0x0 /usr/lib/gcc/i686-linux-gnu/4.7/../../../i386-linux-gnu/crt1.o
 .rel.text._gfortrani_namelist_write
                0x0000000000000000        0x0 /usr/lib/gcc/i686-linux-gnu/4.7/../../../i386-linux-gnu/crt1.o
 .rel.text._gfortrani_fbuf_destroy
                0x0000000000000000        0x0 /usr/lib/gcc/i686-linux-gnu/4.7/../../../i386-linux-gnu/crt1.o
 .rel.text._gfortrani_fbuf_alloc
                0x0000000000000000        0x0 /usr/lib/gcc/i686-linux-gnu/4.7/../../../i386-linux-gnu/crt1.o
 .rel.text._gfortrani_fbuf_flush
                0x0000000000000000        0x0 /usr/lib/gcc/i686-linux-gnu/4.7/../../../i386-linux-gnu/crt1.o
 .rel.text.__cpu_time_1
                0x0000000000000000        0x0 /usr/lib/gcc/i686-linux-gnu/4.7/../../../i386-linux-gnu/crt1.o
 .rel.text._gfortran_cpu_time_16
                0x0000000000000000        0x0 /usr/lib/gcc/i686-linux-gnu/4.7/../../../i386-linux-gnu/crt1.o
 .rel.text.ltime_0
                0x0000000000000000        0x0 /usr/lib/gcc/i686-linux-gnu/4.7/../../../i386-linux-gnu/crt1.o
 .rel.text.gmtime_0
                0x0000000000000000        0x0 /usr/lib/gcc/i686-linux-gnu/4.7/../../../i386-linux-gnu/crt1.o
 .rel.text.idate0
                0x0000000000000000        0x0 /usr/lib/gcc/i686-linux-gnu/4.7/../../../i386-linux-gnu/crt1.o
 .rel.text.itime0
                0x0000000000000000        0x0 /usr/lib/gcc/i686-linux-gnu/4.7/../../../i386-linux-gnu/crt1.o
 .rel.text._gfortran_date_and_time
                0x0000000000000000        0x0 /usr/lib/gcc/i686-linux-gnu/4.7/../../../i386-linux-gnu/crt1.o
 .rel.text._gfortran_secnds
                0x0000000000000000        0x0 /usr/lib/gcc/i686-linux-gnu/4.7/../../../i386-linux-gnu/crt1.o
 .rel.text._gfortran_itime_i4
                0x0000000000000000        0x0 /usr/lib/gcc/i686-linux-gnu/4.7/../../../i386-linux-gnu/crt1.o
 .rel.text._gfortran_itime_i8
                0x0000000000000000        0x0 /usr/lib/gcc/i686-linux-gnu/4.7/../../../i386-linux-gnu/crt1.o
 .rel.text._gfortran_idate_i4
                0x0000000000000000        0x0 /usr/lib/gcc/i686-linux-gnu/4.7/../../../i386-linux-gnu/crt1.o
 .rel.text._gfortran_idate_i8
                0x0000000000000000        0x0 /usr/lib/gcc/i686-linux-gnu/4.7/../../../i386-linux-gnu/crt1.o
 .rel.text._gfortran_gmtime_i4
                0x0000000000000000        0x0 /usr/lib/gcc/i686-linux-gnu/4.7/../../../i386-linux-gnu/crt1.o
 .rel.text._gfortran_gmtime_i8
                0x0000000000000000        0x0 /usr/lib/gcc/i686-linux-gnu/4.7/../../../i386-linux-gnu/crt1.o
 .rel.text._gfortran_ltime_i4
                0x0000000000000000        0x0 /usr/lib/gcc/i686-linux-gnu/4.7/../../../i386-linux-gnu/crt1.o
 .rel.text._gfortran_ltime_i8
                0x0000000000000000        0x0 /usr/lib/gcc/i686-linux-gnu/4.7/../../../i386-linux-gnu/crt1.o
 .rel.text._gfortrani_compare_string
                0x0000000000000000        0x0 /usr/lib/gcc/i686-linux-gnu/4.7/../../../i386-linux-gnu/crt1.o
 .rel.text._gfortran_concat_string
                0x0000000000000000        0x0 /usr/lib/gcc/i686-linux-gnu/4.7/../../../i386-linux-gnu/crt1.o
 .rel.text._gfortran_string_trim
                0x0000000000000000        0x0 /usr/lib/gcc/i686-linux-gnu/4.7/../../../i386-linux-gnu/crt1.o
 .rel.text._gfortran_adjustl
                0x0000000000000000        0x0 /usr/lib/gcc/i686-linux-gnu/4.7/../../../i386-linux-gnu/crt1.o
 .rel.text._gfortran_adjustr
                0x0000000000000000        0x0 /usr/lib/gcc/i686-linux-gnu/4.7/../../../i386-linux-gnu/crt1.o
 .rel.text._gfortran_string_minmax
                0x0000000000000000        0x0 /usr/lib/gcc/i686-linux-gnu/4.7/../../../i386-linux-gnu/crt1.o
 .rel.text._gfortran_concat_string_char4
                0x0000000000000000        0x0 /usr/lib/gcc/i686-linux-gnu/4.7/../../../i386-linux-gnu/crt1.o
 .rel.text._gfortran_string_trim_char4
                0x0000000000000000        0x0 /usr/lib/gcc/i686-linux-gnu/4.7/../../../i386-linux-gnu/crt1.o
 .rel.text._gfortran_adjustl_char4
                0x0000000000000000        0x0 /usr/lib/gcc/i686-linux-gnu/4.7/../../../i386-linux-gnu/crt1.o
 .rel.text._gfortran_adjustr_char4
                0x0000000000000000        0x0 /usr/lib/gcc/i686-linux-gnu/4.7/../../../i386-linux-gnu/crt1.o
 .rel.text._gfortran_string_minmax_char4
                0x0000000000000000        0x0 /usr/lib/gcc/i686-linux-gnu/4.7/../../../i386-linux-gnu/crt1.o
 .rel.text._gfortrani_random_r4
                0x0000000000000000        0x0 /usr/lib/gcc/i686-linux-gnu/4.7/../../../i386-linux-gnu/crt1.o
 .rel.text._gfortrani_random_r8
                0x0000000000000000        0x0 /usr/lib/gcc/i686-linux-gnu/4.7/../../../i386-linux-gnu/crt1.o
 .rel.text._gfortrani_random_r10
                0x0000000000000000        0x0 /usr/lib/gcc/i686-linux-gnu/4.7/../../../i386-linux-gnu/crt1.o
 .rel.text._gfortrani_random_r16
                0x0000000000000000        0x0 /usr/lib/gcc/i686-linux-gnu/4.7/../../../i386-linux-gnu/crt1.o
 .rel.text._gfortran_arandom_r4
                0x0000000000000000        0x0 /usr/lib/gcc/i686-linux-gnu/4.7/../../../i386-linux-gnu/crt1.o
 .rel.text._gfortran_arandom_r8
                0x0000000000000000        0x0 /usr/lib/gcc/i686-linux-gnu/4.7/../../../i386-linux-gnu/crt1.o
 .rel.text._gfortran_arandom_r10
                0x0000000000000000        0x0 /usr/lib/gcc/i686-linux-gnu/4.7/../../../i386-linux-gnu/crt1.o
 .rel.text._gfortran_arandom_r16
                0x0000000000000000        0x0 /usr/lib/gcc/i686-linux-gnu/4.7/../../../i386-linux-gnu/crt1.o
 .rel.text._gfortrani_random_seed_i4
                0x0000000000000000        0x0 /usr/lib/gcc/i686-linux-gnu/4.7/../../../i386-linux-gnu/crt1.o
 .rel.text._gfortrani_random_seed_i8
                0x0000000000000000        0x0 /usr/lib/gcc/i686-linux-gnu/4.7/../../../i386-linux-gnu/crt1.o
 .rel.text.fd_gets
                0x0000000000000000        0x0 /usr/lib/gcc/i686-linux-gnu/4.7/../../../i386-linux-gnu/crt1.o
 .rel.text.trace_function
                0x0000000000000000        0x0 /usr/lib/gcc/i686-linux-gnu/4.7/../../../i386-linux-gnu/crt1.o
 .rel.text._gfortrani_show_backtrace
                0x0000000000000000        0x0 /usr/lib/gcc/i686-linux-gnu/4.7/../../../i386-linux-gnu/crt1.o
 .rel.text._gfortrani_set_fpu
                0x0000000000000000        0x0 /usr/lib/gcc/i686-linux-gnu/4.7/../../../i386-linux-gnu/crt1.o
 .rel.text._gfortran_set_fpe
                0x0000000000000000        0x0 /usr/lib/gcc/i686-linux-gnu/4.7/../../../i386-linux-gnu/crt1.o
 .rel.text.next_char
                0x0000000000000000        0x0 /usr/lib/gcc/i686-linux-gnu/4.7/../../../i386-linux-gnu/crt1.o
 .rel.text.format_lex
                0x0000000000000000        0x0 /usr/lib/gcc/i686-linux-gnu/4.7/../../../i386-linux-gnu/crt1.o
 .rel.text.parse_format_list
                0x0000000000000000        0x0 /usr/lib/gcc/i686-linux-gnu/4.7/../../../i386-linux-gnu/crt1.o
 .rel.text._gfortrani_free_format_data
                0x0000000000000000        0x0 /usr/lib/gcc/i686-linux-gnu/4.7/../../../i386-linux-gnu/crt1.o
 .rel.text._gfortrani_free_format_hash_table
                0x0000000000000000        0x0 /usr/lib/gcc/i686-linux-gnu/4.7/../../../i386-linux-gnu/crt1.o
 .rel.text._gfortrani_format_error
                0x0000000000000000        0x0 /usr/lib/gcc/i686-linux-gnu/4.7/../../../i386-linux-gnu/crt1.o
 .rel.text._gfortrani_parse_format
                0x0000000000000000        0x0 /usr/lib/gcc/i686-linux-gnu/4.7/../../../i386-linux-gnu/crt1.o
 .rel.text.nml_query
                0x0000000000000000        0x0 /usr/lib/gcc/i686-linux-gnu/4.7/../../../i386-linux-gnu/crt1.o
 .rel.text.nml_match_name
                0x0000000000000000        0x0 /usr/lib/gcc/i686-linux-gnu/4.7/../../../i386-linux-gnu/crt1.o
 .rel.text.push_char
                0x0000000000000000        0x0 /usr/lib/gcc/i686-linux-gnu/4.7/../../../i386-linux-gnu/crt1.o
 .rel.text.free_line
                0x0000000000000000        0x0 /usr/lib/gcc/i686-linux-gnu/4.7/../../../i386-linux-gnu/crt1.o
 .rel.text.free_saved.isra.5
                0x0000000000000000        0x0 /usr/lib/gcc/i686-linux-gnu/4.7/../../../i386-linux-gnu/crt1.o
 .rel.text.convert_integer
                0x0000000000000000        0x0 /usr/lib/gcc/i686-linux-gnu/4.7/../../../i386-linux-gnu/crt1.o
 .rel.text.read_integer
                0x0000000000000000        0x0 /usr/lib/gcc/i686-linux-gnu/4.7/../../../i386-linux-gnu/crt1.o
 .rel.text.parse_repeat
                0x0000000000000000        0x0 /usr/lib/gcc/i686-linux-gnu/4.7/../../../i386-linux-gnu/crt1.o
 .rel.text.read_logical
                0x0000000000000000        0x0 /usr/lib/gcc/i686-linux-gnu/4.7/../../../i386-linux-gnu/crt1.o
 .rel.text.read_real
                0x0000000000000000        0x0 /usr/lib/gcc/i686-linux-gnu/4.7/../../../i386-linux-gnu/crt1.o
 .rel.text.parse_real
                0x0000000000000000        0x0 /usr/lib/gcc/i686-linux-gnu/4.7/../../../i386-linux-gnu/crt1.o
 .rel.text.read_complex
                0x0000000000000000        0x0 /usr/lib/gcc/i686-linux-gnu/4.7/../../../i386-linux-gnu/crt1.o
 .rel.text.read_character.isra.6
                0x0000000000000000        0x0 /usr/lib/gcc/i686-linux-gnu/4.7/../../../i386-linux-gnu/crt1.o
 .rel.text.nml_read_obj.constprop.8
                0x0000000000000000        0x0 /usr/lib/gcc/i686-linux-gnu/4.7/../../../i386-linux-gnu/crt1.o
 .rel.text.nml_parse_qualifier.constprop.9
                0x0000000000000000        0x0 /usr/lib/gcc/i686-linux-gnu/4.7/../../../i386-linux-gnu/crt1.o
 .rel.text._gfortrani_list_formatted_read
                0x0000000000000000        0x0 /usr/lib/gcc/i686-linux-gnu/4.7/../../../i386-linux-gnu/crt1.o
 .rel.text._gfortrani_namelist_read
                0x0000000000000000        0x0 /usr/lib/gcc/i686-linux-gnu/4.7/../../../i386-linux-gnu/crt1.o
 .rel.text._gfortrani_convert_real
                0x0000000000000000        0x0 /usr/lib/gcc/i686-linux-gnu/4.7/../../../i386-linux-gnu/crt1.o
 .rel.text._gfortrani_convert_infnan
                0x0000000000000000        0x0 /usr/lib/gcc/i686-linux-gnu/4.7/../../../i386-linux-gnu/crt1.o
 .rel.text._gfortrani_read_a
                0x0000000000000000        0x0 /usr/lib/gcc/i686-linux-gnu/4.7/../../../i386-linux-gnu/crt1.o
 .rel.text._gfortrani_read_decimal
                0x0000000000000000        0x0 /usr/lib/gcc/i686-linux-gnu/4.7/../../../i386-linux-gnu/crt1.o
 .rel.text._gfortrani_read_radix
                0x0000000000000000        0x0 /usr/lib/gcc/i686-linux-gnu/4.7/../../../i386-linux-gnu/crt1.o
 .rel.text._gfortrani_read_f
                0x0000000000000000        0x0 /usr/lib/gcc/i686-linux-gnu/4.7/../../../i386-linux-gnu/crt1.o
 .rel.text.sse2
                0x0000000000000000        0x0 /usr/lib/gcc/i686-linux-gnu/4.7/../../../i386-linux-gnu/crt1.o
 .rel.text.ssse3
                0x0000000000000000        0x0 /usr/lib/gcc/i686-linux-gnu/4.7/../../../i386-linux-gnu/crt1.o
 .rel.text.sse4.2
                0x0000000000000000        0x0 /usr/lib/gcc/i686-linux-gnu/4.7/../../../i386-linux-gnu/crt1.o
 .rel.text.compat
                0x0000000000000000        0x0 /usr/lib/gcc/i686-linux-gnu/4.7/../../../i386-linux-gnu/crt1.o
 *(.rel.fini)
 *(.rel.rodata .rel.rodata.* .rel.gnu.linkonce.r.*)
 .rel.rodata    0x0000000000000000        0x0 /usr/lib/gcc/i686-linux-gnu/4.7/../../../i386-linux-gnu/crt1.o
 *(.rel.data.rel.ro .rel.data.rel.ro.* .rel.gnu.linkonce.d.rel.ro.*)
 *(.rel.data .rel.data.* .rel.gnu.linkonce.d.*)
 .rel.data.variable_table
                0x0000000000000000        0x0 /usr/lib/gcc/i686-linux-gnu/4.7/../../../i386-linux-gnu/crt1.o
 .rel.data      0x0000000000000000        0x0 /usr/lib/gcc/i686-linux-gnu/4.7/../../../i386-linux-gnu/crt1.o
 *(.rel.tdata .rel.tdata.* .rel.gnu.linkonce.td.*)
 *(.rel.tbss .rel.tbss.* .rel.gnu.linkonce.tb.*)
 *(.rel.ctors)
 *(.rel.dtors)
 *(.rel.got)
 .rel.got       0x0000000000000000        0x0 /usr/lib/gcc/i686-linux-gnu/4.7/../../../i386-linux-gnu/crt1.o
 *(.rel.bss .rel.bss.* .rel.gnu.linkonce.b.*)
 *(.rel.ifunc)
 .rel__libc_freeres_fn
                0x0000000000000000        0x0 /usr/lib/gcc/i686-linux-gnu/4.7/../../../i386-linux-gnu/crt1.o
 .rel.eh_frame  0x0000000000000000        0x0 /usr/lib/gcc/i686-linux-gnu/4.7/../../../i386-linux-gnu/crt1.o
 .rel__libc_thread_freeres_fn
                0x0000000000000000        0x0 /usr/lib/gcc/i686-linux-gnu/4.7/../../../i386-linux-gnu/crt1.o

.rel.plt        0x0000000008048138       0xa0
 *(.rel.plt)
                0x0000000008048138                PROVIDE (__rel_iplt_start, .)
 *(.rel.iplt)
 .rel.iplt      0x0000000008048138       0xa0 /usr/lib/gcc/i686-linux-gnu/4.7/../../../i386-linux-gnu/crt1.o
                0x00000000080481d8                PROVIDE (__rel_iplt_end, .)

.init           0x00000000080481d8       0x23
 *(SORT(.init))
 .init          0x00000000080481d8       0x1e /usr/lib/gcc/i686-linux-gnu/4.7/../../../i386-linux-gnu/crti.o
                0x00000000080481d8                _init
 .init          0x00000000080481f6        0x5 /usr/lib/gcc/i686-linux-gnu/4.7/../../../i386-linux-gnu/crtn.o

.plt            0x0000000008048200      0x140
 *(.plt)
 *(.iplt)
 .iplt          0x0000000008048200      0x140 /usr/lib/gcc/i686-linux-gnu/4.7/../../../i386-linux-gnu/crt1.o

.text           0x0000000008048340   0x24bba0
 *(.text.unlikely .text.*_unlikely)
 .text.unlikely
                0x0000000008048340       0xaa dabnews.o
 .text.unlikely
                0x00000000080483ea       0x6c /usr/lib/gcc/i686-linux-gnu/4.7/../../../i386-linux-gnu/libc.a(findlocale.o)
 .text.unlikely
                0x0000000008048456      0x301 /usr/lib/gcc/i686-linux-gnu/4.7/../../../i386-linux-gnu/libc.a(vfprintf.o)
 .text.unlikely
                0x0000000008048757      0x1dd /usr/lib/gcc/i686-linux-gnu/4.7/../../../i386-linux-gnu/libc.a(printf_fp.o)
 .text.unlikely
                0x0000000008048934      0x219 /usr/lib/gcc/i686-linux-gnu/4.7/../../../i386-linux-gnu/libc.a(vfwprintf.o)
 .text.unlikely
                0x0000000008048b4d       0xea /usr/lib/gcc/i686-linux-gnu/4.7/../../../i386-linux-gnu/libc.a(dl-load.o)
 *(.text.exit .text.exit.*)
 *fill*         0x0000000008048c37        0x9 
 .text.exit.cleanup
                0x0000000008048c40       0x30 /usr/lib/gcc/i686-linux-gnu/4.7/libgfortran.a(main.o)
 .text.exit     0x0000000008048c70        0xa /usr/lib/gcc/i686-linux-gnu/4.7/../../../i386-linux-gnu/libc.a(sdlerror.o)
 *(.text.startup .text.startup.*)
 *fill*         0x0000000008048c7a        0x6 
 .text.startup  0x0000000008048c80       0x40 sixve.o
                0x0000000008048c80                main
 .text.startup.init
                0x0000000008048cc0       0x55 /usr/lib/gcc/i686-linux-gnu/4.7/libgfortran.a(main.o)
 *fill*         0x0000000008048d15        0xb 
 .text.startup  0x0000000008048d20      0x228 /usr/lib/gcc/i686-linux-gnu/4.7/../../../i386-linux-gnu/libc.a(cacheinfo.o)
 *(.text.hot .text.hot.*)
 *(.text .stub .text.* .gnu.linkonce.t.*)
 .text          0x0000000008048f48       0x24 /usr/lib/gcc/i686-linux-gnu/4.7/../../../i386-linux-gnu/crt1.o
                0x0000000008048f48                _start
 .text          0x0000000008048f6c        0x0 /usr/lib/gcc/i686-linux-gnu/4.7/../../../i386-linux-gnu/crti.o
 *fill*         0x0000000008048f6c        0x4 
 .gnu.linkonce.t.__x86.get_pc_thunk.bx
                0x0000000008048f70        0x4 /usr/lib/gcc/i686-linux-gnu/4.7/../../../i386-linux-gnu/crti.o
                0x0000000008048f70                __x86.get_pc_thunk.bx
 *fill*         0x0000000008048f74        0xc 
 .text          0x0000000008048f80       0xe4 /usr/lib/gcc/i686-linux-gnu/4.7/crtbeginT.o
 *fill*         0x0000000008049064        0xc 
 .text          0x0000000008049070    0x4cdb5 track.o
                0x0000000008049070                write6_
                0x0000000008049f30                dist1_
                0x000000000804a330                synuthck_
                0x000000000804c320                lostpar3_
                0x000000000804d010                lostpar4_
                0x000000000804dd10                lostpar2_
                0x000000000804ea00                lostpart_
                0x000000000804f620                writebin_
                0x000000000804fd80                ripple_
                0x000000000804fe80                thck6d_
                0x000000000805a470                thck6dua_
                0x0000000008064bd0                thck4d_
                0x000000000806e400                thin6d_
                0x000000000807a620                thin6dua_
                0x0000000008084ee0                thin4d_
                0x000000000808e920                trauthin_
                0x00000000080923a0                callcrp_
                0x00000000080923b0                trauthck_
 *fill*         0x0000000008095e25        0xb 
 .text          0x0000000008095e30    0xa8327 sixve.o
                0x0000000008096740                boosti_
                0x0000000008096ad0                wzsub_
                0x0000000008096e00                errf_
                0x00000000080976f0                bbf_
                0x0000000008097c50                sbc_
                0x0000000008098550                boost_
                0x0000000008098840                gauinv_
                0x00000000080993e0                stsld_
                0x0000000008099590                timex_
                0x00000000080995e0                envarsv_
                0x000000000809b980                prror_
                0x000000000809e6e0                qmodda_
                0x00000000080a0b00                combel_
                0x00000000080a0fe0                detune_
                0x00000000080a14c0                loesd_
                0x00000000080a1ed0                umlauf_
                0x00000000080a5150                matrix_
                0x00000000080a52d0                betalf_
                0x00000000080a6570                calrms_
                0x00000000080a6a80                putorb_
                0x00000000080a7280                htrl_
                0x00000000080a7720                htbl_
                0x00000000080a7a40                htal_
                0x00000000080a7e70                htls_
                0x00000000080aa000                htul_
                0x00000000080aa1c0                maxmin_
                0x00000000080aa6e0                orbinit_
                0x00000000080aae10                writelin_
                0x00000000080ab800                atan2_rn_
                0x00000000080ac2c0                cpltwis_
                0x00000000080ac5c0                distance_
                0x00000000080acd20                blockdis_
                0x00000000080ad450                envardis_
                0x00000000080adf70                block_
                0x00000000080ae670                envar_
                0x00000000080af1d0                clorb2_
                0x00000000080af500                subsea_
                0x00000000080b7850                search_
                0x00000000080b8090                clorb_
                0x00000000080b8150                resex_
                0x00000000080c0a60                phasad_
                0x00000000080c3ee0                rmod_
                0x00000000080c6450                chroma_
                0x00000000080c7000                decoup_
                0x00000000080c82f0                linopt_
                0x00000000080ced80                corrorb_
                0x00000000080d1b30                subre_
                0x00000000080de310                chromda_
                0x00000000080df550                qmod0_
                0x00000000080e1260                ord_
                0x00000000080e3090                ranecu_
                0x00000000080e30d0                recuut_
                0x00000000080e30f0                recuin_
                0x00000000080e3110                caconv_
                0x00000000080e3160                fft_
                0x00000000080e3730                sinpro_
                0x00000000080e3800                lfitd_
                0x00000000080e4080                lfitwd_
                0x00000000080e45b0                cinvar_
                0x00000000080e5070                cphase_
                0x00000000080e5170                abend_
                0x00000000080e5230                dtostr_
                0x00000000080e6060                kerset_
                0x00000000080e6910                kermtr_
                0x00000000080e6970                f010pr_
                0x00000000080e6da0                tmprnt_
                0x00000000080e70b0                rfact_
                0x00000000080e7c90                rfinv_
                0x00000000080e8680                dfinv_
                0x00000000080e9070                dfact_
                0x00000000080e9cc0                dinv_
                0x00000000080ea100                join_
                0x00000000080ec9f0                postpr_
                0x00000000080fb4d0                timest_
                0x00000000080fb500                comnul_
                0x00000000080fdb20                datime_
                0x00000000080fdc20                myisnan_
                0x00000000080fdc50                intepr_
                0x00000000080fe620                mywwerf_
                0x00000000080fec80                wzset_
                0x00000000080fed70                rounderr_
                0x00000000080ff0d0                fround_
                0x00000000080ff1d0                spliterr_
                0x00000000080ff5f0                splitfld_
                0x0000000008100b50                sumpos_
                0x0000000008101520                daten_
                0x000000000813a110                wzsubv_
                0x000000000813aac0                adia_
                0x000000000813ab80                adib_
                0x000000000813ac00                write4_
                0x000000000813b2a0                acos_rn_
                0x000000000813b320                asin_rn_
                0x000000000813b3b0                envars_
                0x000000000813ca50                beamint_
                0x000000000813cc90                rinv_
                0x000000000813d0c0                rfeqn_
                0x000000000813d910                dfeqn_
 *fill*         0x000000000813e157        0x9 
 .text          0x000000000813e160    0x3eb96 sixvefox.o
                0x000000000813e160                envada_
                0x00000000081456e0                boostif_
                0x0000000008147260                errff_
                0x0000000008148a50                bbff_
                0x000000000814a420                sbcf_
                0x000000000814d0f0                boostf_
                0x000000000814e3d0                beaminf_
                0x000000000814e610                wireda_
                0x0000000008153d60                synoda_
                0x00000000081541e0                envquad_
                0x0000000008155b50                umlauda_
                0x0000000008179bc0                clorda_
                0x000000000817ca70                mydaini_
 *fill*         0x000000000817ccf6        0xa 
 .text          0x000000000817cd00    0x26c72 dabnews.o
                0x000000000817cd00                dadeb_
                0x000000000817cd90                dancd_
                0x000000000817d540                dainf_
                0x000000000817d5d0                dapac_
                0x000000000817d970                dadcd_
                0x000000000817db50                daclr_
                0x000000000817dc60                danormrt_
                0x000000000817e260                dadal_
                0x000000000817e5d0                dacop_
                0x000000000817ebf0                daall_
                0x000000000817f530                danorm2t_
                0x000000000817f9a0                bran_
                0x000000000817fa10                hash_
                0x000000000817fbe0                dehash_
                0x00000000081802c0                dapok_
                0x0000000008180dd0                dapek_
                0x00000000081815b0                dacfut_
                0x0000000008181d80                dacon_
                0x0000000008181f00                dadert_
                0x0000000008182800                dader_
                0x0000000008182930                lubksb_
                0x0000000008182cc0                ludcmp_
                0x00000000081834a0                matinv_
                0x0000000008183990                damch_
                0x0000000008183ce0                mtree_
                0x00000000081856a0                daabs_
                0x00000000081857f0                dacsu_
                0x0000000008185970                dacmut_
                0x00000000081860e0                dacdi_
                0x00000000081862e0                dacmu_
                0x0000000008186410                dasqrt_
                0x0000000008187330                dasqr_
                0x0000000008187440                damult_
                0x0000000008188190                damul_
                0x00000000081882c0                dalint_
                0x0000000008188f00                dalin_
                0x0000000008189060                dacctt_
                0x000000000818a7f0                dacct_
                0x000000000818a890                dainvt_
                0x000000000818bb50                dainv_
                0x000000000818c520                dapint_
                0x000000000818d0e0                dasub_
                0x000000000818d140                dacma_
                0x000000000818d360                dafunt_
                0x0000000008190fa0                daexct_
                0x0000000008191850                dacext_
                0x0000000008191c30                daexxt_
                0x00000000081920f0                dafun_
                0x0000000008192230                daadd_
                0x0000000008192480                danum_
                0x0000000008192630                daini_
                0x00000000081937a0                daexter_
                0x0000000008193810                dallsta_
                0x0000000008193920                daallno_
                0x0000000008194310                davar_
                0x0000000008194630                danot_
                0x0000000008194710                getdanot_
                0x00000000081947f0                daeps_
                0x0000000008194820                datrashn_
                0x0000000008194c30                damulin_
                0x0000000008194f40                daexx_
                0x0000000008195160                dacex_
                0x0000000008195320                daexc_
                0x0000000008195450                dadiv_
                0x0000000008195730                dacad_
                0x00000000081958b0                dasuc_
                0x0000000008195a00                dadic_
                0x0000000008195cc0                dacom_
                0x0000000008195f70                dapos_
                0x00000000081963e0                ppushpri_
                0x0000000008196b20                ppush_
                0x0000000008196fe0                ppush1_
                0x00000000081972c0                dapin_
                0x0000000008197ca0                dapoi_
                0x0000000008198640                dacfu_
                0x0000000008198770                dapri_
                0x0000000008199990                dapri77_
                0x000000000819a6b0                dashift_
                0x000000000819b230                darea_
                0x000000000819be20                darea77_
                0x000000000819ca90                dachk_
                0x000000000819caa0                datra_
                0x000000000819d6e0                etred_
                0x000000000819e220                daswap_
                0x000000000819ee10                dagauss_
                0x000000000819f170                daran_
                0x000000000819ff40                danorm2_
                0x00000000081a0050                danormr_
                0x00000000081a0160                dakey_
                0x00000000081a0170                dapri6_
                0x00000000081a0a30                darea6_
                0x00000000081a1590                dare_
                0x00000000081a17b0                daprimax_
                0x00000000081a2260                damono_
                0x00000000081a2520                dacycle_
                0x00000000081a2640                daorder_
                0x00000000081a32a0                datrash_
 *fill*         0x00000000081a3972        0xe 
 .text          0x00000000081a3980    0x29ee4 lielib.o
                0x00000000081a3980                dlie_
                0x00000000081a3b30                rext_
                0x00000000081a3cb0                avepol_
                0x00000000081a3de0                planar_
                0x00000000081a4060                killnonl_
                0x00000000081a4140                filtres_
                0x00000000081a43f0                filt_
                0x00000000081a4990                dfilt_
                0x00000000081a49c0                xgbm_
                0x00000000081a4fe0                xgam_
                0x00000000081a5d70                etallnom_
                0x00000000081a5ef0                etall_
                0x00000000081a6070                difd_
                0x00000000081a6290                etcct_
                0x00000000081a65a0                etini_
                0x00000000081a6600                gettura_
                0x00000000081a67e0                dacopd_
                0x00000000081a69f0                trx_
                0x00000000081a6d00                etinv_
                0x00000000081a72d0                etcjg_
                0x00000000081a7820                hyper_
                0x00000000081a7860                daclrd_
                0x00000000081a79b0                intd_
                0x00000000081a8080                h2pluflo_
                0x00000000081a8630                dalind_
                0x00000000081a8b90                trxflo_
                0x00000000081a8f10                comcfu_
                0x00000000081a8ff0                cpart_
                0x00000000081a9020                etrtc_
                0x00000000081a9390                itoc_
                0x00000000081a9440                rtoc_
                0x00000000081a9690                rtocd_
                0x00000000081a9930                reelflo_
                0x00000000081aa1c0                rtocflo_
                0x00000000081aa250                resvec_
                0x00000000081aa660                etctr_
                0x00000000081aa910                ctoi_
                0x00000000081aab00                ctor_
                0x00000000081aaf90                ctord_
                0x00000000081ab100                ctorflo_
                0x00000000081ab280                nuanaflo_
                0x00000000081abc10                rotiflo_
                0x00000000081ac450                simil_
                0x00000000081ac9a0                initpert_
                0x00000000081ad460                mulnd2_
                0x00000000081ad870                movemul_
                0x00000000081addd0                movearou_
                0x00000000081ae7c0                etdiv_
                0x00000000081ae8e0                ety2_
                0x00000000081b1c60                etyt_
                0x00000000081b21d0                ety_
                0x00000000081b2c20                eig6_
                0x00000000081b3530                mapflol_
                0x00000000081b5d60                midbflo_
                0x00000000081b7200                etcom_
                0x00000000081b7620                dacmud_
                0x00000000081b7880                daflo_
                0x00000000081b79f0                daflod_
                0x00000000081b80d0                expflo_
                0x00000000081b8700                exp1d_
                0x00000000081b8770                expflod_
                0x00000000081b9000                gofix_
                0x00000000081ba6b0                expnd2_
                0x00000000081baed0                take_
                0x00000000081bb3e0                taked_
                0x00000000081bb880                facflo_
                0x00000000081bc720                facflod_
                0x00000000081bc960                flofac_
                0x00000000081be730                orderflo_
                0x00000000081c18c0                mapnormf_
                0x00000000081c35b0                mapnorm_
                0x00000000081c3680                fexpo_
                0x00000000081c3950                liepeek_
                0x00000000081c39a0                lieinit_
                0x00000000081c3db0                flowpara_
                0x00000000081c3dd0                pertpeek_
                0x00000000081c4060                inputres_
                0x00000000081c4320                respoke_
                0x00000000081c4500                lienot_
                0x00000000081c4510                etall1_
                0x00000000081c4550                dadal1_
                0x00000000081c4570                etppulnv_
                0x00000000081c4870                etmtree_
                0x00000000081c4b70                etppush_
                0x00000000081c4dc0                etppush2_
                0x00000000081c5020                ppushlnv_
                0x00000000081c5320                etpin_
                0x00000000081c5920                dapek0_
                0x00000000081c5aa0                dapok0_
                0x00000000081c5c20                dapokzer_
                0x00000000081c5e90                davar0_
                0x00000000081c5f00                daread_
                0x00000000081c6260                daprid_
                0x00000000081c6420                prresflo_
                0x00000000081c6ab0                etpoi_
                0x00000000081c6c60                flofacg_
                0x00000000081ca6d0                liefact_
                0x00000000081ca730                setidpr_
                0x00000000081ca870                idprset_
                0x00000000081ca880                transver_
                0x00000000081ca950                dhdjflo_
                0x00000000081caf60                dhdj_
                0x00000000081cb520                rotflo_
                0x00000000081cbc70                compcjg_
                0x00000000081cbcf0                sympl3_
                0x00000000081cbff0                averaged_
                0x00000000081cc4c0                couplean_
                0x00000000081cd6b0                fexpo1_
                0x00000000081cd750                etcctpar_
 *fill*         0x00000000081cd864        0xc 
 .text          0x00000000081cd870      0x1a2 crlibm/crlibm.a(ericc.o)
                0x00000000081cd870                exp_rn_
                0x00000000081cd8a0                log_rn_
                0x00000000081cd8d0                log10_rn_
                0x00000000081cd900                atan_rn_
                0x00000000081cd930                tan_rn_
                0x00000000081cd960                sin_rn_
                0x00000000081cd990                cos_rn_
                0x00000000081cd9c0                sinh_rn_
                0x00000000081cd9f0                cosh_rn_
 *fill*         0x00000000081cda12        0xe 
 .text          0x00000000081cda20     0x2571 crlibm/crlibm.a(csh_fast.o)
                0x00000000081cda20                scs_div_2
                0x00000000081cdac0                do_cosh
                0x00000000081cea20                cosh_rn
                0x00000000081ceab0                cosh_rz
                0x00000000081ceb40                cosh_ru
                0x00000000081cebd0                cosh_rd
                0x00000000081cec60                do_sinh
                0x00000000081cfcf0                sinh_rn
                0x00000000081cfd90                sinh_rz
                0x00000000081cfe40                sinh_ru
                0x00000000081cfef0                sinh_rd
 *fill*         0x00000000081cff91        0xf 
 .text          0x00000000081cffa0      0x747 crlibm/crlibm.a(log10.o)
                0x00000000081cffa0                log10_rn
                0x00000000081d0210                log10_rd
                0x00000000081d0480                log10_ru
 *fill*         0x00000000081d06e7        0x1 
 .text          0x00000000081d06e8       0x80 crlibm/crlibm.a(dtoaf.o)
                0x00000000081d06e8                dtoaf_
 .text          0x00000000081d0768       0x7e crlibm/crlibm.a(round_near.o)
                0x00000000081d0768                round_near_
 *fill*         0x00000000081d07e6        0xa 
 .text          0x00000000081d07f0       0x12 crlibm/crlibm.a(disable_xp.o)
                0x00000000081d07f0                disable_xp_
 *fill*         0x00000000081d0802        0xe 
 .text          0x00000000081d0810       0x12 crlibm/crlibm.a(enable_xp.o)
                0x00000000081d0810                enable_xp_
 *fill*         0x00000000081d0822        0xe 
 .text          0x00000000081d0830      0xba8 crlibm/crlibm.a(addition_scs.o)
                0x00000000081d0830                scs_set
                0x00000000081d0880                scs_renorm
                0x00000000081d0960                scs_renorm_no_cancel_check
                0x00000000081d0a40                do_add_no_renorm
                0x00000000081d0b60                scs_add_no_renorm
                0x00000000081d0b90                do_add
                0x00000000081d0f00                scs_cmp_mant
                0x00000000081d0f50                do_sub
                0x00000000081d1180                scs_add
                0x00000000081d12a0                scs_sub
 *fill*         0x00000000081d13d8        0x8 
 .text          0x00000000081d13e0      0xf9a crlibm/crlibm.a(multiplication_scs.o)
                0x00000000081d13e0                scs_mul
                0x00000000081d1e80                scs_square
                0x00000000081d22e0                scs_mul_ui
 *fill*         0x00000000081d237a        0x6 
 .text          0x00000000081d2380       0x4f crlibm/crlibm.a(zero_scs.o)
                0x00000000081d2380                scs_zero
 *fill*         0x00000000081d23cf        0x1 
 .text          0x00000000081d23d0      0x18c crlibm/crlibm.a(division_scs.o)
                0x00000000081d23d0                scs_inv
                0x00000000081d24f0                scs_div
 *fill*         0x00000000081d255c        0x4 
 .text          0x00000000081d2560      0x248 crlibm/crlibm.a(double2scs.o)
                0x00000000081d2560                scs_set_d
                0x00000000081d2700                scs_set_si
 *fill*         0x00000000081d27a8        0x8 
 .text          0x00000000081d27b0      0x573 crlibm/crlibm.a(scs2double.o)
                0x00000000081d27b0                scs_get_d
                0x00000000081d29f0                get_d_directed
                0x00000000081d2ca0                scs_get_d_minf
                0x00000000081d2cd0                scs_get_d_pinf
                0x00000000081d2d00                scs_get_d_zero
 *fill*         0x00000000081d2d23        0xd 
 .text          0x00000000081d2d30     0x1260 crlibm/crlibm.a(trigo_fast.o)
                0x00000000081d3540                sin_rn
                0x00000000081d3790                sin_rd
                0x00000000081d37b0                sin_ru
                0x00000000081d37d0                sin_rz
                0x00000000081d37f0                cos_rn
                0x00000000081d3a40                cos_rd
                0x00000000081d3a60                cos_ru
                0x00000000081d3a80                cos_rz
                0x00000000081d3aa0                tan_rn
                0x00000000081d3f30                tan_rd
                0x00000000081d3f50                tan_ru
                0x00000000081d3f70                tan_rz
 .text.__x86.get_pc_thunk.cx
                0x00000000081d3f90        0x4 crlibm/crlibm.a(trigo_fast.o)
                0x00000000081d3f90                __x86.get_pc_thunk.cx
 *fill*         0x00000000081d3f94        0xc 
 .text          0x00000000081d3fa0      0x419 crlibm/crlibm.a(tan.o)
                0x00000000081d3fa0                scs_tan
                0x00000000081d4110                scs_tan_rn
                0x00000000081d41b0                scs_tan_rd
                0x00000000081d4260                scs_tan_ru
                0x00000000081d4310                scs_tan_rz
 *fill*         0x00000000081d43b9        0x7 
 .text          0x00000000081d43c0      0x3af crlibm/crlibm.a(sine.o)
                0x00000000081d43c0                sine
                0x00000000081d44a0                scs_sin_rn
                0x00000000081d4560                scs_sin_rd
                0x00000000081d4610                scs_sin_ru
                0x00000000081d46c0                scs_sin_rz
 *fill*         0x00000000081d476f        0x1 
 .text          0x00000000081d4770      0x3e7 crlibm/crlibm.a(cosine.o)
                0x00000000081d4770                cosine
                0x00000000081d4860                scs_cos_rn
                0x00000000081d4920                scs_cos_rd
                0x00000000081d49e0                scs_cos_ru
                0x00000000081d4aa0                scs_cos_rz
 *fill*         0x00000000081d4b57        0x9 
 .text          0x00000000081d4b60      0x32a crlibm/crlibm.a(exp.o)
                0x00000000081d4b60                exp_SC
                0x00000000081d4d90                scs_exp_rn
                0x00000000081d4df0                scs_exp_rd
                0x00000000081d4e40                scs_exp_ru
 *fill*         0x00000000081d4e8a        0x6 
 .text          0x00000000081d4e90     0x1673 crlibm/crlibm.a(exp_fast.o)
                0x00000000081d4e90                exp_rn
                0x00000000081d5630                exp_ru
                0x00000000081d5db0                exp_rd
 *fill*         0x00000000081d6503        0xd 
 .text          0x00000000081d6510      0xb3a crlibm/crlibm.a(log_fast.o)
                0x00000000081d6a30                log_rn
                0x00000000081d6bb0                log_rd
                0x00000000081d6de0                log_ru
                0x00000000081d7010                log_rz
 *fill*         0x00000000081d704a        0x6 
 .text          0x00000000081d7050      0xa0a crlibm/crlibm.a(atan_fast.o)
                0x00000000081d7480                atan_rn
                0x00000000081d75b0                atan_rd
                0x00000000081d77f0                atan_ru
                0x00000000081d7a20                atan_rz
 *fill*         0x00000000081d7a5a        0x6 
 .text          0x00000000081d7a60      0x9aa crlibm/crlibm.a(rem_pio2.o)
                0x00000000081d7a60                rem_pio2_scs
 *fill*         0x00000000081d840a        0x2 
 .text          0x00000000081d840c     0x499d crlibm/crlibm.a(dtoa_c.o)
                0x00000000081d9edf                strtod
                0x00000000081db9a6                freedtoa
                0x00000000081db9f6                dtoa
 *fill*         0x00000000081dcda9        0x7 
 .text          0x00000000081dcdb0      0x1c3 crlibm/crlibm.a(logsix.o)
                0x00000000081dcdb0                scs_log
 *fill*         0x00000000081dcf73        0xd 
 .text          0x00000000081dcf80      0x5b1 crlibm/crlibm.a(atan.o)
                0x00000000081dcf80                scs_atan
                0x00000000081dd310                scs_atan_rn
                0x00000000081dd3c0                scs_atan_rd
                0x00000000081dd480                scs_atan_ru
 *fill*         0x00000000081dd531        0x3 
 .text          0x00000000081dd534        0x0 /usr/lib/gcc/i686-linux-gnu/4.7/libgfortran.a(compile_options.o)
 *fill*         0x00000000081dd534        0xc 
 .text._gfortrani_backtrace_handler
                0x00000000081dd540       0x88 /usr/lib/gcc/i686-linux-gnu/4.7/libgfortran.a(compile_options.o)
                0x00000000081dd540                _gfortrani_backtrace_handler
 *fill*         0x00000000081dd5c8        0x8 
 .text._gfortran_set_options
                0x00000000081dd5d0      0x160 /usr/lib/gcc/i686-linux-gnu/4.7/libgfortran.a(compile_options.o)
                0x00000000081dd5d0                _gfortran_set_options
 .text._gfortrani_init_compile_options
                0x00000000081dd730       0x3d /usr/lib/gcc/i686-linux-gnu/4.7/libgfortran.a(compile_options.o)
                0x00000000081dd730                _gfortrani_init_compile_options
 *fill*         0x00000000081dd76d        0x3 
 .text._gfortran_set_convert
                0x00000000081dd770        0xa /usr/lib/gcc/i686-linux-gnu/4.7/libgfortran.a(compile_options.o)
                0x00000000081dd770                _gfortran_set_convert
 *fill*         0x00000000081dd77a        0x6 
 .text._gfortran_set_record_marker
                0x00000000081dd780       0x3e /usr/lib/gcc/i686-linux-gnu/4.7/libgfortran.a(compile_options.o)
                0x00000000081dd780                _gfortran_set_record_marker
 *fill*         0x00000000081dd7be        0x2 
 .text._gfortran_set_max_subrecord_length
                0x00000000081dd7c0       0x27 /usr/lib/gcc/i686-linux-gnu/4.7/libgfortran.a(compile_options.o)
                0x00000000081dd7c0                _gfortran_set_max_subrecord_length
 *fill*         0x00000000081dd7e7        0x1 
 .text          0x00000000081dd7e8        0x0 /usr/lib/gcc/i686-linux-gnu/4.7/libgfortran.a(environ.o)
 *fill*         0x00000000081dd7e8        0x8 
 .text.init_string
                0x00000000081dd7f0        0x2 /usr/lib/gcc/i686-linux-gnu/4.7/libgfortran.a(environ.o)
 *fill*         0x00000000081dd7f2        0xe 
 .text.search_unit
                0x00000000081dd800       0x7c /usr/lib/gcc/i686-linux-gnu/4.7/libgfortran.a(environ.o)
 *fill*         0x00000000081dd87c        0x4 
 .text.init_boolean
                0x00000000081dd880       0x6e /usr/lib/gcc/i686-linux-gnu/4.7/libgfortran.a(environ.o)
 *fill*         0x00000000081dd8ee        0x2 
 .text.init_sep
                0x00000000081dd8f0       0x89 /usr/lib/gcc/i686-linux-gnu/4.7/libgfortran.a(environ.o)
 *fill*         0x00000000081dd979        0x7 
 .text.match_word
                0x00000000081dd980       0x67 /usr/lib/gcc/i686-linux-gnu/4.7/libgfortran.a(environ.o)
 *fill*         0x00000000081dd9e7        0x9 
 .text.next_token
                0x00000000081dd9f0       0xfc /usr/lib/gcc/i686-linux-gnu/4.7/libgfortran.a(environ.o)
 *fill*         0x00000000081ddaec        0x4 
 .text.init_unsigned_integer
                0x00000000081ddaf0       0x7c /usr/lib/gcc/i686-linux-gnu/4.7/libgfortran.a(environ.o)
 *fill*         0x00000000081ddb6c        0x4 
 .text.init_integer
                0x00000000081ddb70       0x8f /usr/lib/gcc/i686-linux-gnu/4.7/libgfortran.a(environ.o)
 *fill*         0x00000000081ddbff        0x1 
 .text.mark_single
                0x00000000081ddc00       0xaf /usr/lib/gcc/i686-linux-gnu/4.7/libgfortran.a(environ.o)
 *fill*         0x00000000081ddcaf        0x1 
 .text.do_parse
                0x00000000081ddcb0      0x2a5 /usr/lib/gcc/i686-linux-gnu/4.7/libgfortran.a(environ.o)
 *fill*         0x00000000081ddf55        0xb 
 .text.init_unformatted
                0x00000000081ddf60       0x75 /usr/lib/gcc/i686-linux-gnu/4.7/libgfortran.a(environ.o)
 *fill*         0x00000000081ddfd5        0xb 
 .text.var_source.isra.1
                0x00000000081ddfe0       0x32 /usr/lib/gcc/i686-linux-gnu/4.7/libgfortran.a(environ.o)
 *fill*         0x00000000081de012        0xe 
 .text.show_sep
                0x00000000081de020       0x31 /usr/lib/gcc/i686-linux-gnu/4.7/libgfortran.a(environ.o)
 *fill*         0x00000000081de051        0xf 
 .text.show_boolean
                0x00000000081de060       0x3f /usr/lib/gcc/i686-linux-gnu/4.7/libgfortran.a(environ.o)
 *fill*         0x00000000081de09f        0x1 
 .text.show_integer
                0x00000000081de0a0       0x30 /usr/lib/gcc/i686-linux-gnu/4.7/libgfortran.a(environ.o)
 .text.show_string
                0x00000000081de0d0       0x57 /usr/lib/gcc/i686-linux-gnu/4.7/libgfortran.a(environ.o)
 *fill*         0x00000000081de127        0x9 
 .text._gfortrani_init_variables
                0x00000000081de130       0x2c /usr/lib/gcc/i686-linux-gnu/4.7/libgfortran.a(environ.o)
                0x00000000081de130                _gfortrani_init_variables
 *fill*         0x00000000081de15c        0x4 
 .text._gfortrani_show_variables
                0x00000000081de160      0x186 /usr/lib/gcc/i686-linux-gnu/4.7/libgfortran.a(environ.o)
                0x00000000081de160                _gfortrani_show_variables
 *fill*         0x00000000081de2e6        0xa 
 .text._gfortrani_get_unformatted_convert
                0x00000000081de2f0       0x47 /usr/lib/gcc/i686-linux-gnu/4.7/libgfortran.a(environ.o)
                0x00000000081de2f0                _gfortrani_get_unformatted_convert
 *fill*         0x00000000081de337        0x1 
 .text          0x00000000081de338        0x0 /usr/lib/gcc/i686-linux-gnu/4.7/libgfortran.a(error.o)
 *fill*         0x00000000081de338        0x8 
 .text._gfortrani_estr_write
                0x00000000081de340       0x29 /usr/lib/gcc/i686-linux-gnu/4.7/libgfortran.a(error.o)
                0x00000000081de340                _gfortrani_estr_write
 *fill*         0x00000000081de369        0x7 
 .text._gfortrani_st_vprintf
                0x00000000081de370       0x81 /usr/lib/gcc/i686-linux-gnu/4.7/libgfortran.a(error.o)
                0x00000000081de370                _gfortrani_st_vprintf
 *fill*         0x00000000081de3f1        0xf 
 .text._gfortrani_st_printf
                0x00000000081de400       0x1b /usr/lib/gcc/i686-linux-gnu/4.7/libgfortran.a(error.o)
                0x00000000081de400                _gfortrani_st_printf
 *fill*         0x00000000081de41b        0x5 
 .text._gfortrani_sys_abort
                0x00000000081de420       0x3b /usr/lib/gcc/i686-linux-gnu/4.7/libgfortran.a(error.o)
                0x00000000081de420                _gfortrani_sys_abort
 *fill*         0x00000000081de45b        0x5 
 .text.recursion_check
                0x00000000081de460       0x1f /usr/lib/gcc/i686-linux-gnu/4.7/libgfortran.a(error.o)
 *fill*         0x00000000081de47f        0x1 
 .text._gfortrani_gfc_xtoa
                0x00000000081de480       0x7d /usr/lib/gcc/i686-linux-gnu/4.7/libgfortran.a(error.o)
                0x00000000081de480                _gfortrani_gfc_xtoa
 *fill*         0x00000000081de4fd        0x3 
 .text._gfortrani_gf_strerror
                0x00000000081de500        0x5 /usr/lib/gcc/i686-linux-gnu/4.7/libgfortran.a(error.o)
                0x00000000081de500                _gfortrani_gf_strerror
 *fill*         0x00000000081de505        0xb 
 .text._gfortrani_show_locus
                0x00000000081de510       0xc3 /usr/lib/gcc/i686-linux-gnu/4.7/libgfortran.a(error.o)
                0x00000000081de510                _gfortrani_show_locus
 *fill*         0x00000000081de5d3        0xd 
 .text._gfortrani_os_error
                0x00000000081de5e0       0x81 /usr/lib/gcc/i686-linux-gnu/4.7/libgfortran.a(error.o)
                0x00000000081de5e0                _gfortran_os_error
                0x00000000081de5e0                _gfortrani_os_error
 *fill*         0x00000000081de661        0xf 
 .text._gfortrani_runtime_error
                0x00000000081de670       0x40 /usr/lib/gcc/i686-linux-gnu/4.7/libgfortran.a(error.o)
                0x00000000081de670                _gfortran_runtime_error
                0x00000000081de670                _gfortrani_runtime_error
 .text._gfortrani_runtime_error_at
                0x00000000081de6b0       0x4c /usr/lib/gcc/i686-linux-gnu/4.7/libgfortran.a(error.o)
                0x00000000081de6b0                _gfortrani_runtime_error_at
                0x00000000081de6b0                _gfortran_runtime_error_at
 *fill*         0x00000000081de6fc        0x4 
 .text._gfortrani_runtime_warning_at
                0x00000000081de700       0x3f /usr/lib/gcc/i686-linux-gnu/4.7/libgfortran.a(error.o)
                0x00000000081de700                _gfortran_runtime_warning_at
                0x00000000081de700                _gfortrani_runtime_warning_at
 *fill*         0x00000000081de73f        0x1 
 .text._gfortrani_internal_error
                0x00000000081de740       0x49 /usr/lib/gcc/i686-linux-gnu/4.7/libgfortran.a(error.o)
                0x00000000081de740                _gfortrani_internal_error
 *fill*         0x00000000081de789        0x7 
 .text._gfortrani_translate_error
                0x00000000081de790      0x144 /usr/lib/gcc/i686-linux-gnu/4.7/libgfortran.a(error.o)
                0x00000000081de790                _gfortrani_translate_error
 *fill*         0x00000000081de8d4        0xc 
 .text._gfortrani_generate_error
                0x00000000081de8e0      0x1fb /usr/lib/gcc/i686-linux-gnu/4.7/libgfortran.a(error.o)
                0x00000000081de8e0                _gfortran_generate_error
                0x00000000081de8e0                _gfortrani_generate_error
 *fill*         0x00000000081deadb        0x5 
 .text._gfortrani_generate_warning
                0x00000000081deae0       0x43 /usr/lib/gcc/i686-linux-gnu/4.7/libgfortran.a(error.o)
                0x00000000081deae0                _gfortrani_generate_warning
 *fill*         0x00000000081deb23        0xd 
 .text._gfortrani_notification_std
                0x00000000081deb30       0x34 /usr/lib/gcc/i686-linux-gnu/4.7/libgfortran.a(error.o)
                0x00000000081deb30                _gfortrani_notification_std
 *fill*         0x00000000081deb64        0xc 
 .text._gfortrani_notify_std
                0x00000000081deb70       0xba /usr/lib/gcc/i686-linux-gnu/4.7/libgfortran.a(error.o)
                0x00000000081deb70                _gfortrani_notify_std
 *fill*         0x00000000081dec2a        0x2 
 .text          0x00000000081dec2c        0x0 /usr/lib/gcc/i686-linux-gnu/4.7/libgfortran.a(main.o)
 *fill*         0x00000000081dec2c        0x4 
 .text._gfortrani_stupid_function_name_for_static_linking
                0x00000000081dec30        0x2 /usr/lib/gcc/i686-linux-gnu/4.7/libgfortran.a(main.o)
                0x00000000081dec30                _gfortrani_stupid_function_name_for_static_linking
 *fill*         0x00000000081dec32        0xe 
 .text._gfortran_store_exe_path
                0x00000000081dec40      0x17f /usr/lib/gcc/i686-linux-gnu/4.7/libgfortran.a(main.o)
                0x00000000081dec40                _gfortran_store_exe_path
 *fill*         0x00000000081dedbf        0x1 
 .text._gfortrani_full_exe_path
                0x00000000081dedc0        0x6 /usr/lib/gcc/i686-linux-gnu/4.7/libgfortran.a(main.o)
                0x00000000081dedc0                _gfortrani_full_exe_path
 *fill*         0x00000000081dedc6        0xa 
 .text._gfortrani_find_addr2line
                0x00000000081dedd0       0xb3 /usr/lib/gcc/i686-linux-gnu/4.7/libgfortran.a(main.o)
                0x00000000081dedd0                _gfortrani_find_addr2line
 *fill*         0x00000000081dee83        0xd 
 .text._gfortrani_set_args
                0x00000000081dee90       0x1e /usr/lib/gcc/i686-linux-gnu/4.7/libgfortran.a(main.o)
                0x00000000081dee90                _gfortrani_set_args
                0x00000000081dee90                _gfortran_set_args
 *fill*         0x00000000081deeae        0x2 
 .text._gfortrani_get_args
                0x00000000081deeb0       0x19 /usr/lib/gcc/i686-linux-gnu/4.7/libgfortran.a(main.o)
                0x00000000081deeb0                _gfortrani_get_args
 *fill*         0x00000000081deec9        0x3 
 .text          0x00000000081deecc        0x0 /usr/lib/gcc/i686-linux-gnu/4.7/libgfortran.a(memory.o)
 *fill*         0x00000000081deecc        0x4 
 .text._gfortrani_get_mem
                0x00000000081deed0       0x23 /usr/lib/gcc/i686-linux-gnu/4.7/libgfortran.a(memory.o)
                0x00000000081deed0                _gfortrani_get_mem
 *fill*         0x00000000081deef3        0xd 
 .text._gfortrani_internal_malloc_size
                0x00000000081def00       0x17 /usr/lib/gcc/i686-linux-gnu/4.7/libgfortran.a(memory.o)
                0x00000000081def00                _gfortrani_internal_malloc_size
 *fill*         0x00000000081def17        0x1 
 .text          0x00000000081def18        0x0 /usr/lib/gcc/i686-linux-gnu/4.7/libgfortran.a(stop.o)
 *fill*         0x00000000081def18        0x8 
 .text._gfortran_stop_numeric
                0x00000000081def20       0x29 /usr/lib/gcc/i686-linux-gnu/4.7/libgfortran.a(stop.o)
                0x00000000081def20                _gfortran_stop_numeric
 *fill*         0x00000000081def49        0x7 
 .text._gfortran_stop_numeric_f08
                0x00000000081def50       0x20 /usr/lib/gcc/i686-linux-gnu/4.7/libgfortran.a(stop.o)
                0x00000000081def50                _gfortran_stop_numeric_f08
 .text._gfortran_stop_string
                0x00000000081def70       0x48 /usr/lib/gcc/i686-linux-gnu/4.7/libgfortran.a(stop.o)
                0x00000000081def70                _gfortran_stop_string
 *fill*         0x00000000081defb8        0x8 
 .text._gfortran_error_stop_string
                0x00000000081defc0       0x43 /usr/lib/gcc/i686-linux-gnu/4.7/libgfortran.a(stop.o)
                0x00000000081defc0                _gfortran_error_stop_string
 *fill*         0x00000000081df003        0xd 
 .text._gfortran_error_stop_numeric
                0x00000000081df010       0x20 /usr/lib/gcc/i686-linux-gnu/4.7/libgfortran.a(stop.o)
                0x00000000081df010                _gfortran_error_stop_numeric
 .text          0x00000000081df030        0x0 /usr/lib/gcc/i686-linux-gnu/4.7/libgfortran.a(string.o)
 .text._gfortrani_fstrlen
                0x00000000081df030       0x28 /usr/lib/gcc/i686-linux-gnu/4.7/libgfortran.a(string.o)
                0x00000000081df030                _gfortrani_fstrlen
 *fill*         0x00000000081df058        0x8 
 .text._gfortrani_fstrcpy
                0x00000000081df060       0x72 /usr/lib/gcc/i686-linux-gnu/4.7/libgfortran.a(string.o)
                0x00000000081df060                _gfortrani_fstrcpy
 *fill*         0x00000000081df0d2        0xe 
 .text._gfortrani_cf_strcpy
                0x00000000081df0e0       0x82 /usr/lib/gcc/i686-linux-gnu/4.7/libgfortran.a(string.o)
                0x00000000081df0e0                _gfortrani_cf_strcpy
 *fill*         0x00000000081df162        0xe 
 .text._gfortrani_find_option
                0x00000000081df170       0xa4 /usr/lib/gcc/i686-linux-gnu/4.7/libgfortran.a(string.o)
                0x00000000081df170                _gfortrani_find_option
 .text          0x00000000081df214        0x0 /usr/lib/gcc/i686-linux-gnu/4.7/libgfortran.a(pow_i4_i4.o)
 *fill*         0x00000000081df214        0xc 
 .text._gfortran_pow_i4_i4
                0x00000000081df220       0x66 /usr/lib/gcc/i686-linux-gnu/4.7/libgfortran.a(pow_i4_i4.o)
                0x00000000081df220                _gfortran_pow_i4_i4
 *fill*         0x00000000081df286        0x2 
 .text          0x00000000081df288        0x0 /usr/lib/gcc/i686-linux-gnu/4.7/libgfortran.a(close.o)
 *fill*         0x00000000081df288        0x8 
 .text._gfortran_st_close
                0x00000000081df290       0xd7 /usr/lib/gcc/i686-linux-gnu/4.7/libgfortran.a(close.o)
                0x00000000081df290                _gfortran_st_close
 *fill*         0x00000000081df367        0x1 
 .text          0x00000000081df368        0x0 /usr/lib/gcc/i686-linux-gnu/4.7/libgfortran.a(file_pos.o)
 *fill*         0x00000000081df368        0x8 
 .text._gfortran_st_backspace
                0x00000000081df370      0x53c /usr/lib/gcc/i686-linux-gnu/4.7/libgfortran.a(file_pos.o)
                0x00000000081df370                _gfortran_st_backspace
 *fill*         0x00000000081df8ac        0x4 
 .text._gfortran_st_endfile
                0x00000000081df8b0      0x302 /usr/lib/gcc/i686-linux-gnu/4.7/libgfortran.a(file_pos.o)
                0x00000000081df8b0                _gfortran_st_endfile
 *fill*         0x00000000081dfbb2        0xe 
 .text._gfortran_st_rewind
                0x00000000081dfbc0      0x126 /usr/lib/gcc/i686-linux-gnu/4.7/libgfortran.a(file_pos.o)
                0x00000000081dfbc0                _gfortran_st_rewind
 *fill*         0x00000000081dfce6        0xa 
 .text._gfortran_st_flush
                0x00000000081dfcf0       0x84 /usr/lib/gcc/i686-linux-gnu/4.7/libgfortran.a(file_pos.o)
                0x00000000081dfcf0                _gfortran_st_flush
 .text          0x00000000081dfd74        0x0 /usr/lib/gcc/i686-linux-gnu/4.7/libgfortran.a(lock.o)
 *fill*         0x00000000081dfd74        0xc 
 .text._gfortrani_library_start
                0x00000000081dfd80       0x12 /usr/lib/gcc/i686-linux-gnu/4.7/libgfortran.a(lock.o)
                0x00000000081dfd80                _gfortrani_library_start
 *fill*         0x00000000081dfd92        0xe 
 .text._gfortrani_free_ionml
                0x00000000081dfda0       0x70 /usr/lib/gcc/i686-linux-gnu/4.7/libgfortran.a(lock.o)
                0x00000000081dfda0                _gfortrani_free_ionml
 .text          0x00000000081dfe10        0x0 /usr/lib/gcc/i686-linux-gnu/4.7/libgfortran.a(open.o)
 .text.test_endfile.isra.0.part.1
                0x00000000081dfe10       0x5b /usr/lib/gcc/i686-linux-gnu/4.7/libgfortran.a(open.o)
 *fill*         0x00000000081dfe6b        0x5 
 .text.edit_modes
                0x00000000081dfe70      0x376 /usr/lib/gcc/i686-linux-gnu/4.7/libgfortran.a(open.o)
 *fill*         0x00000000081e01e6        0xa 
 .text._gfortrani_new_unit
                0x00000000081e01f0      0x904 /usr/lib/gcc/i686-linux-gnu/4.7/libgfortran.a(open.o)
                0x00000000081e01f0                _gfortrani_new_unit
 *fill*         0x00000000081e0af4        0xc 
 .text._gfortran_st_open
                0x00000000081e0b00      0x685 /usr/lib/gcc/i686-linux-gnu/4.7/libgfortran.a(open.o)
                0x00000000081e0b00                _gfortran_st_open
 *fill*         0x00000000081e1185        0x3 
 .text          0x00000000081e1188        0x0 /usr/lib/gcc/i686-linux-gnu/4.7/libgfortran.a(transfer.o)
 *fill*         0x00000000081e1188        0x8 
 .text.us_write
                0x00000000081e1190       0x9a /usr/lib/gcc/i686-linux-gnu/4.7/libgfortran.a(transfer.o)
 *fill*         0x00000000081e122a        0x6 
 .text.skip_record
                0x00000000081e1230      0x145 /usr/lib/gcc/i686-linux-gnu/4.7/libgfortran.a(transfer.o)
 *fill*         0x00000000081e1375        0xb 
 .text.sset     0x00000000081e1380       0xac /usr/lib/gcc/i686-linux-gnu/4.7/libgfortran.a(transfer.o)
 *fill*         0x00000000081e142c        0x4 
 .text.iolength_transfer
                0x00000000081e1430       0x21 /usr/lib/gcc/i686-linux-gnu/4.7/libgfortran.a(transfer.o)
 *fill*         0x00000000081e1451        0xf 
 .text.write_us_marker.isra.7
                0x00000000081e1460      0x143 /usr/lib/gcc/i686-linux-gnu/4.7/libgfortran.a(transfer.o)
 *fill*         0x00000000081e15a3        0xd 
 .text.next_record_w_unf
                0x00000000081e15b0      0x139 /usr/lib/gcc/i686-linux-gnu/4.7/libgfortran.a(transfer.o)
 *fill*         0x00000000081e16e9        0x7 
 .text.write_buf
                0x00000000081e16f0      0x252 /usr/lib/gcc/i686-linux-gnu/4.7/libgfortran.a(transfer.o)
 *fill*         0x00000000081e1942        0xe 
 .text.unformatted_write
                0x00000000081e1950       0xf6 /usr/lib/gcc/i686-linux-gnu/4.7/libgfortran.a(transfer.o)
 *fill*         0x00000000081e1a46        0xa 
 .text._gfortrani_write_block
                0x00000000081e1a50      0x1ed /usr/lib/gcc/i686-linux-gnu/4.7/libgfortran.a(transfer.o)
                0x00000000081e1a50                _gfortrani_write_block
 *fill*         0x00000000081e1c3d        0x3 
 .text._gfortrani_type_name
                0x00000000081e1c40       0x71 /usr/lib/gcc/i686-linux-gnu/4.7/libgfortran.a(transfer.o)
                0x00000000081e1c40                _gfortrani_type_name
 *fill*         0x00000000081e1cb1        0xf 
 .text.require_numeric_type
                0x00000000081e1cc0       0xc5 /usr/lib/gcc/i686-linux-gnu/4.7/libgfortran.a(transfer.o)
 *fill*         0x00000000081e1d85        0xb 
 .text.require_type
                0x00000000081e1d90       0xdd /usr/lib/gcc/i686-linux-gnu/4.7/libgfortran.a(transfer.o)
 *fill*         0x00000000081e1e6d        0x3 
 .text._gfortran_transfer_integer
                0x00000000081e1e70       0x3a /usr/lib/gcc/i686-linux-gnu/4.7/libgfortran.a(transfer.o)
                0x00000000081e1e70                _gfortran_transfer_integer
 *fill*         0x00000000081e1eaa        0x6 
 .text._gfortran_transfer_integer_write
                0x00000000081e1eb0       0x3a /usr/lib/gcc/i686-linux-gnu/4.7/libgfortran.a(transfer.o)
                0x00000000081e1eb0                _gfortran_transfer_integer_write
 *fill*         0x00000000081e1eea        0x6 
 .text._gfortran_transfer_real
                0x00000000081e1ef0       0x48 /usr/lib/gcc/i686-linux-gnu/4.7/libgfortran.a(transfer.o)
                0x00000000081e1ef0                _gfortran_transfer_real
 *fill*         0x00000000081e1f38        0x8 
 .text._gfortran_transfer_real_write
                0x00000000081e1f40        0x5 /usr/lib/gcc/i686-linux-gnu/4.7/libgfortran.a(transfer.o)
                0x00000000081e1f40                _gfortran_transfer_real_write
 *fill*         0x00000000081e1f45        0xb 
 .text._gfortran_transfer_logical
                0x00000000081e1f50       0x3a /usr/lib/gcc/i686-linux-gnu/4.7/libgfortran.a(transfer.o)
                0x00000000081e1f50                _gfortran_transfer_logical
 *fill*         0x00000000081e1f8a        0x6 
 .text._gfortran_transfer_logical_write
                0x00000000081e1f90       0x3a /usr/lib/gcc/i686-linux-gnu/4.7/libgfortran.a(transfer.o)
                0x00000000081e1f90                _gfortran_transfer_logical_write
 *fill*         0x00000000081e1fca        0x6 
 .text._gfortran_transfer_character
                0x00000000081e1fd0       0x54 /usr/lib/gcc/i686-linux-gnu/4.7/libgfortran.a(transfer.o)
                0x00000000081e1fd0                _gfortran_transfer_character
 *fill*         0x00000000081e2024        0xc 
 .text._gfortran_transfer_character_write
                0x00000000081e2030        0x5 /usr/lib/gcc/i686-linux-gnu/4.7/libgfortran.a(transfer.o)
                0x00000000081e2030                _gfortran_transfer_character_write
 *fill*         0x00000000081e2035        0xb 
 .text._gfortran_transfer_character_wide
                0x00000000081e2040       0x54 /usr/lib/gcc/i686-linux-gnu/4.7/libgfortran.a(transfer.o)
                0x00000000081e2040                _gfortran_transfer_character_wide
 *fill*         0x00000000081e2094        0xc 
 .text._gfortran_transfer_character_wide_write
                0x00000000081e20a0        0x5 /usr/lib/gcc/i686-linux-gnu/4.7/libgfortran.a(transfer.o)
                0x00000000081e20a0                _gfortran_transfer_character_wide_write
 *fill*         0x00000000081e20a5        0xb 
 .text._gfortran_transfer_complex
                0x00000000081e20b0       0x48 /usr/lib/gcc/i686-linux-gnu/4.7/libgfortran.a(transfer.o)
                0x00000000081e20b0                _gfortran_transfer_complex
 *fill*         0x00000000081e20f8        0x8 
 .text._gfortran_transfer_complex_write
                0x00000000081e2100        0x5 /usr/lib/gcc/i686-linux-gnu/4.7/libgfortran.a(transfer.o)
                0x00000000081e2100                _gfortran_transfer_complex_write
 *fill*         0x00000000081e2105        0xb 
 .text._gfortran_transfer_array
                0x00000000081e2110      0x1df /usr/lib/gcc/i686-linux-gnu/4.7/libgfortran.a(transfer.o)
                0x00000000081e2110                _gfortran_transfer_array
 *fill*         0x00000000081e22ef        0x1 
 .text._gfortran_transfer_array_write
                0x00000000081e22f0        0x5 /usr/lib/gcc/i686-linux-gnu/4.7/libgfortran.a(transfer.o)
                0x00000000081e22f0                _gfortran_transfer_array_write
 *fill*         0x00000000081e22f5        0xb 
 .text._gfortrani_init_loop_spec
                0x00000000081e2300       0xe7 /usr/lib/gcc/i686-linux-gnu/4.7/libgfortran.a(transfer.o)
                0x00000000081e2300                _gfortrani_init_loop_spec
 *fill*         0x00000000081e23e7        0x9 
 .text._gfortrani_next_array_record
                0x00000000081e23f0       0xd2 /usr/lib/gcc/i686-linux-gnu/4.7/libgfortran.a(transfer.o)
                0x00000000081e23f0                _gfortrani_next_array_record
 *fill*         0x00000000081e24c2        0xe 
 .text._gfortran_st_iolength
                0x00000000081e24d0       0x95 /usr/lib/gcc/i686-linux-gnu/4.7/libgfortran.a(transfer.o)
                0x00000000081e24d0                _gfortran_st_iolength
 *fill*         0x00000000081e2565        0xb 
 .text._gfortran_st_iolength_done
                0x00000000081e2570        0x5 /usr/lib/gcc/i686-linux-gnu/4.7/libgfortran.a(transfer.o)
                0x00000000081e2570                _gfortran_st_iolength_done
 *fill*         0x00000000081e2575        0xb 
 .text._gfortran_st_wait
                0x00000000081e2580        0x2 /usr/lib/gcc/i686-linux-gnu/4.7/libgfortran.a(transfer.o)
                0x00000000081e2580                _gfortran_st_wait
 *fill*         0x00000000081e2582        0xe 
 .text._gfortran_st_set_nml_var
                0x00000000081e2590      0x11e /usr/lib/gcc/i686-linux-gnu/4.7/libgfortran.a(transfer.o)
                0x00000000081e2590                _gfortran_st_set_nml_var
 *fill*         0x00000000081e26ae        0x2 
 .text._gfortran_st_set_nml_var_dim
                0x00000000081e26b0       0x37 /usr/lib/gcc/i686-linux-gnu/4.7/libgfortran.a(transfer.o)
                0x00000000081e26b0                _gfortran_st_set_nml_var_dim
 *fill*         0x00000000081e26e7        0x9 
 .text._gfortrani_reverse_memcpy
                0x00000000081e26f0       0x29 /usr/lib/gcc/i686-linux-gnu/4.7/libgfortran.a(transfer.o)
                0x00000000081e26f0                _gfortrani_reverse_memcpy
 *fill*         0x00000000081e2719        0x7 
 .text._gfortrani_hit_eof
                0x00000000081e2720       0xcc /usr/lib/gcc/i686-linux-gnu/4.7/libgfortran.a(transfer.o)
                0x00000000081e2720                _gfortrani_hit_eof
 *fill*         0x00000000081e27ec        0x4 
 .text.us_read  0x00000000081e27f0      0x1c3 /usr/lib/gcc/i686-linux-gnu/4.7/libgfortran.a(transfer.o)
 *fill*         0x00000000081e29b3        0xd 
 .text.pre_position
                0x00000000081e29c0       0x9a /usr/lib/gcc/i686-linux-gnu/4.7/libgfortran.a(transfer.o)
 *fill*         0x00000000081e2a5a        0x6 
 .text.read_block_direct
                0x00000000081e2a60      0x31c /usr/lib/gcc/i686-linux-gnu/4.7/libgfortran.a(transfer.o)
 *fill*         0x00000000081e2d7c        0x4 
 .text.unformatted_read
                0x00000000081e2d80       0xf1 /usr/lib/gcc/i686-linux-gnu/4.7/libgfortran.a(transfer.o)
 *fill*         0x00000000081e2e71        0xf 
 .text._gfortrani_next_record
                0x00000000081e2e80      0x93c /usr/lib/gcc/i686-linux-gnu/4.7/libgfortran.a(transfer.o)
                0x00000000081e2e80                _gfortrani_next_record
 *fill*         0x00000000081e37bc        0x4 
 .text.finalize_transfer
                0x00000000081e37c0      0x21d /usr/lib/gcc/i686-linux-gnu/4.7/libgfortran.a(transfer.o)
 *fill*         0x00000000081e39dd        0x3 
 .text._gfortran_st_write_done